Archive member included to satisfy reference by file (symbol)

c:/program files (x86)/atmel/studio/7.0/toolchain/avr8/avr8-gnu-toolchain/bin/../lib/gcc/avr/5.4.0/../../../../avr/lib/avr5\libm.a(addsf3.o)
                              src/encoder.o (__subsf3)
c:/program files (x86)/atmel/studio/7.0/toolchain/avr8/avr8-gnu-toolchain/bin/../lib/gcc/avr/5.4.0/../../../../avr/lib/avr5\libm.a(addsf3x.o)
                              c:/program files (x86)/atmel/studio/7.0/toolchain/avr8/avr8-gnu-toolchain/bin/../lib/gcc/avr/5.4.0/../../../../avr/lib/avr5\libm.a(addsf3.o) (__addsf3x)
c:/program files (x86)/atmel/studio/7.0/toolchain/avr8/avr8-gnu-toolchain/bin/../lib/gcc/avr/5.4.0/../../../../avr/lib/avr5\libm.a(cmpsf2.o)
                              main.o (__ltsf2)
c:/program files (x86)/atmel/studio/7.0/toolchain/avr8/avr8-gnu-toolchain/bin/../lib/gcc/avr/5.4.0/../../../../avr/lib/avr5\libm.a(divsf3.o)
                              src/encoder.o (__divsf3)
c:/program files (x86)/atmel/studio/7.0/toolchain/avr8/avr8-gnu-toolchain/bin/../lib/gcc/avr/5.4.0/../../../../avr/lib/avr5\libm.a(divsf3x.o)
                              c:/program files (x86)/atmel/studio/7.0/toolchain/avr8/avr8-gnu-toolchain/bin/../lib/gcc/avr/5.4.0/../../../../avr/lib/avr5\libm.a(divsf3.o) (__divsf3x)
c:/program files (x86)/atmel/studio/7.0/toolchain/avr8/avr8-gnu-toolchain/bin/../lib/gcc/avr/5.4.0/../../../../avr/lib/avr5\libm.a(fixunssfsi.o)
                              src/motors.o (__fixunssfsi)
c:/program files (x86)/atmel/studio/7.0/toolchain/avr8/avr8-gnu-toolchain/bin/../lib/gcc/avr/5.4.0/../../../../avr/lib/avr5\libm.a(floatsisf.o)
                              main.o (__floatunsisf)
c:/program files (x86)/atmel/studio/7.0/toolchain/avr8/avr8-gnu-toolchain/bin/../lib/gcc/avr/5.4.0/../../../../avr/lib/avr5\libm.a(fp_cmp.o)
                              c:/program files (x86)/atmel/studio/7.0/toolchain/avr8/avr8-gnu-toolchain/bin/../lib/gcc/avr/5.4.0/../../../../avr/lib/avr5\libm.a(cmpsf2.o) (__fp_cmp)
c:/program files (x86)/atmel/studio/7.0/toolchain/avr8/avr8-gnu-toolchain/bin/../lib/gcc/avr/5.4.0/../../../../avr/lib/avr5\libm.a(fp_inf.o)
                              c:/program files (x86)/atmel/studio/7.0/toolchain/avr8/avr8-gnu-toolchain/bin/../lib/gcc/avr/5.4.0/../../../../avr/lib/avr5\libm.a(addsf3x.o) (__fp_inf)
c:/program files (x86)/atmel/studio/7.0/toolchain/avr8/avr8-gnu-toolchain/bin/../lib/gcc/avr/5.4.0/../../../../avr/lib/avr5\libm.a(fp_nan.o)
                              c:/program files (x86)/atmel/studio/7.0/toolchain/avr8/avr8-gnu-toolchain/bin/../lib/gcc/avr/5.4.0/../../../../avr/lib/avr5\libm.a(addsf3x.o) (__fp_nan)
c:/program files (x86)/atmel/studio/7.0/toolchain/avr8/avr8-gnu-toolchain/bin/../lib/gcc/avr/5.4.0/../../../../avr/lib/avr5\libm.a(fp_pscA.o)
                              c:/program files (x86)/atmel/studio/7.0/toolchain/avr8/avr8-gnu-toolchain/bin/../lib/gcc/avr/5.4.0/../../../../avr/lib/avr5\libm.a(addsf3x.o) (__fp_pscA)
c:/program files (x86)/atmel/studio/7.0/toolchain/avr8/avr8-gnu-toolchain/bin/../lib/gcc/avr/5.4.0/../../../../avr/lib/avr5\libm.a(fp_pscB.o)
                              c:/program files (x86)/atmel/studio/7.0/toolchain/avr8/avr8-gnu-toolchain/bin/../lib/gcc/avr/5.4.0/../../../../avr/lib/avr5\libm.a(addsf3x.o) (__fp_pscB)
c:/program files (x86)/atmel/studio/7.0/toolchain/avr8/avr8-gnu-toolchain/bin/../lib/gcc/avr/5.4.0/../../../../avr/lib/avr5\libm.a(fp_round.o)
                              c:/program files (x86)/atmel/studio/7.0/toolchain/avr8/avr8-gnu-toolchain/bin/../lib/gcc/avr/5.4.0/../../../../avr/lib/avr5\libm.a(addsf3.o) (__fp_round)
c:/program files (x86)/atmel/studio/7.0/toolchain/avr8/avr8-gnu-toolchain/bin/../lib/gcc/avr/5.4.0/../../../../avr/lib/avr5\libm.a(fp_split3.o)
                              c:/program files (x86)/atmel/studio/7.0/toolchain/avr8/avr8-gnu-toolchain/bin/../lib/gcc/avr/5.4.0/../../../../avr/lib/avr5\libm.a(addsf3x.o) (__fp_split3)
c:/program files (x86)/atmel/studio/7.0/toolchain/avr8/avr8-gnu-toolchain/bin/../lib/gcc/avr/5.4.0/../../../../avr/lib/avr5\libm.a(fp_zero.o)
                              c:/program files (x86)/atmel/studio/7.0/toolchain/avr8/avr8-gnu-toolchain/bin/../lib/gcc/avr/5.4.0/../../../../avr/lib/avr5\libm.a(addsf3x.o) (__fp_zero)
c:/program files (x86)/atmel/studio/7.0/toolchain/avr8/avr8-gnu-toolchain/bin/../lib/gcc/avr/5.4.0/../../../../avr/lib/avr5\libm.a(gesf2.o)
                              src/profiler.o (__gesf2)
c:/program files (x86)/atmel/studio/7.0/toolchain/avr8/avr8-gnu-toolchain/bin/../lib/gcc/avr/5.4.0/../../../../avr/lib/avr5\libm.a(mulsf3.o)
                              main.o (__mulsf3)
c:/program files (x86)/atmel/studio/7.0/toolchain/avr8/avr8-gnu-toolchain/bin/../lib/gcc/avr/5.4.0/../../../../avr/lib/avr5\libm.a(mulsf3x.o)
[...]
Memory Configuration

Name             Origin             Length             Attributes
text             0x00000000         0x00008000         xr
data             0x00800100         0x00000a00         rw !x
eeprom           0x00810000         0x00000400         rw !x
fuse             0x00820000         0x00000003         rw !x
lock             0x00830000         0x00000400         rw !x
signature        0x00840000         0x00000400         rw !x
user_signatures  0x00850000         0x00000400         rw !x
*default*        0x00000000         0xffffffff

Linker script and memory map

Address of section .data set to 0x800100
LOAD C:/Program Files (x86)/Atmel/Studio/7.0/Packs/atmel/ATmega_DFP/1.7.374/gcc/dev/atmega32u4/avr5/crtatmega32u4.o
LOAD main.o
LOAD src/analog.o
LOAD src/encoder.o
LOAD src/bno055_ll.o
LOAD src/motors.o
LOAD src/m_usb.o
LOAD src/profiler.o
LOAD src/systime.o
START GROUP
LOAD c:/program files (x86)/atmel/studio/7.0/toolchain/avr8/avr8-gnu-toolchain/bin/../lib/gcc/avr/5.4.0/../../../../avr/lib/avr5\libm.a
END GROUP
LOAD c:/program files (x86)/atmel/studio/7.0/toolchain/avr8/avr8-gnu-toolchain/bin/../lib/gcc/avr/5.4.0/../../../../avr/lib/avr5\libprintf_flt.a
LOAD c:/program files (x86)/atmel/studio/7.0/toolchain/avr8/avr8-gnu-toolchain/bin/../lib/gcc/avr/5.4.0/../../../../avr/lib/avr5\libm.a
START GROUP
LOAD c:/program files (x86)/atmel/studio/7.0/toolchain/avr8/avr8-gnu-toolchain/bin/../lib/gcc/avr/5.4.0/avr5\libgcc.a
LOAD c:/program files (x86)/atmel/studio/7.0/toolchain/avr8/avr8-gnu-toolchain/bin/../lib/gcc/avr/5.4.0/../../../../avr/lib/avr5\libm.a
LOAD c:/program files (x86)/atmel/studio/7.0/toolchain/avr8/avr8-gnu-toolchain/bin/../lib/gcc/avr/5.4.0/../../../../avr/lib/avr5\libc.a
LOAD C:/Program Files (x86)/Atmel/Studio/7.0/Packs/atmel/ATmega_DFP/1.7.374/gcc/dev/atmega32u4/avr5\libatmega32u4.a
END GROUP
                0x00000000                __TEXT_REGION_ORIGIN__ = DEFINED (__TEXT_REGION_ORIGIN__)?__TEXT_REGION_ORIGIN__:0x0
                [0x00800100]                __DATA_REGION_ORIGIN__ = DEFINED (__DATA_REGION_ORIGIN__)?__DATA_REGION_ORIGIN__:0x800060
                [0x00008000]                __TEXT_REGION_LENGTH__ = DEFINED (__TEXT_REGION_LENGTH__)?__TEXT_REGION_LENGTH__:0x20000
                [0x00000a00]                __DATA_REGION_LENGTH__ = DEFINED (__DATA_REGION_LENGTH__)?__DATA_REGION_LENGTH__:0xffa0
                [0x00000400]                __EEPROM_REGION_LENGTH__ = DEFINED (__EEPROM_REGION_LENGTH__)?__EEPROM_REGION_LENGTH__:0x10000
                [0x00000003]                __FUSE_REGION_LENGTH__ = DEFINED (__FUSE_REGION_LENGTH__)?__FUSE_REGION_LENGTH__:0x400
                0x00000400                __LOCK_REGION_LENGTH__ = DEFINED (__LOCK_REGION_LENGTH__)?__LOCK_REGION_LENGTH__:0x400
                0x00000400                __SIGNATURE_REGION_LENGTH__ = DEFINED (__SIGNATURE_REGION_LENGTH__)?__SIGNATURE_REGION_LENGTH__:0x400
                0x00000400                __USER_SIGNATURE_REGION_LENGTH__ = DEFINED (__USER_SIGNATURE_REGION_LENGTH__)?__USER_SIGNATURE_REGION_LENGTH__:0x400

.hash
 *(.hash)

.dynsym
 *(.dynsym)

.dynstr
 *(.dynstr)

.gnu.version
 *(.gnu.version)

.gnu.version_d
 *(.gnu.version_d)

.gnu.version_r
 *(.gnu.version_r)

.rel.init
 *(.rel.init)

.rela.init
 *(.rela.init)

.rel.text
 *(.rel.text)
 *(.rel.text.*)
 *(.rel.gnu.linkonce.t*)

.rela.text
 *(.rela.text)
 *(.rela.text.*)
 *(.rela.gnu.linkonce.t*)

.rel.fini
 *(.rel.fini)

.rela.fini
 *(.rela.fini)

.rel.rodata
 *(.rel.rodata)
 *(.rel.rodata.*)
 *(.rel.gnu.linkonce.r*)

.rela.rodata
 *(.rela.rodata)
 *(.rela.rodata.*)
 *(.rela.gnu.linkonce.r*)

.rel.data
 *(.rel.data)
 *(.rel.data.*)
 *(.rel.gnu.linkonce.d*)

.rela.data
 *(.rela.data)
 *(.rela.data.*)
 *(.rela.gnu.linkonce.d*)

.rel.ctors
 *(.rel.ctors)

.rela.ctors
 *(.rela.ctors)

.rel.dtors
 *(.rel.dtors)

.rela.dtors
 *(.rela.dtors)

.rel.got
 *(.rel.got)

.rela.got
 *(.rela.got)

.rel.bss
 *(.rel.bss)

.rela.bss
 *(.rela.bss)

.rel.plt
 *(.rel.plt)

.rela.plt
 *(.rela.plt)

.text           0x00000000     0x3eaa
 *(.vectors)
 .vectors       0x00000000       0xac C:/Program Files (x86)/Atmel/Studio/7.0/Packs/atmel/ATmega_DFP/1.7.374/gcc/dev/atmega32u4/avr5/crtatmega32u4.o
                0x00000000                __vector_default
                0x00000000                __vectors
 *(.vectors)
 *(.progmem.gcc*)
 .progmem.gcc_sw_table.__vector_3
                0x000000ac       0x1c src/encoder.o
 .progmem.gcc_sw_table.__vector_4
                0x000000c8       0x1c src/encoder.o
 .progmem.gcc_sw_table.__vector_7
                0x000000e4       0x1c src/encoder.o
 .progmem.gcc_sw_table.__vector_9
                0x00000100       0x1c src/encoder.o
                0x0000011c                . = ALIGN (0x2)
                0x0000011c                __trampolines_start = .
 *(.trampolines)
 .trampolines   0x0000011c        0x0 linker stubs
 *(.trampolines*)
                0x0000011c                __trampolines_end = .
 *libprintf_flt.a:*(.progmem.data)
 .progmem.data  0x0000011c        0x8 c:/program files (x86)/atmel/studio/7.0/toolchain/avr8/avr8-gnu-toolchain/bin/../lib/gcc/avr/5.4.0/../../../../avr/lib/avr5\libprintf_flt.a(vfprintf_flt.o)
 *libc.a:*(.progmem.data)
 .progmem.data  0x00000124       0xfa c:/program files (x86)/atmel/studio/7.0/toolchain/avr8/avr8-gnu-toolchain/bin/../lib/gcc/avr/5.4.0/../../../../avr/lib/avr5\libc.a(ftoa_engine.o)
 .progmem.data  0x0000021e        0xc c:/program files (x86)/atmel/studio/7.0/toolchain/avr8/avr8-gnu-toolchain/bin/../lib/gcc/avr/5.4.0/../../../../avr/lib/avr5\libc.a(vfscanf_std.o)
 *(.progmem*)
 .progmem.data.__c.2468
                0x0000022a        0xd main.o
 .progmem.data.descriptor_list
                0x00000237       0x2a src/m_usb.o
 .progmem.data.string3
                0x00000261        0xa src/m_usb.o
 .progmem.data.string2
                0x0000026b        0x8 src/m_usb.o
 .progmem.data.string1
                0x00000273       0x14 src/m_usb.o
 .progmem.data.string0
                0x00000287        0x4 src/m_usb.o
 .progmem.data.config1_descriptor
                0x0000028b       0x43 src/m_usb.o
 .progmem.data.device_descriptor
                0x000002ce       0x12 src/m_usb.o
 .progmem.data.endpoint_config_table
                0x000002e0        0xa src/m_usb.o
                0x000002ea                . = ALIGN (0x2)
 *(.jumptables)
 *(.jumptables*)
 *(.lowtext)
 *(.lowtext*)
                0x000002ea                __ctors_start = .
 *(.ctors)
                0x000002ea                __ctors_end = .
                0x000002ea                __dtors_start = .
 *(.dtors)
                0x000002ea                __dtors_end = .
 SORT(*)(.ctors)
 SORT(*)(.dtors)
 *(.init0)
 .init0         0x000002ea        0x0 C:/Program Files (x86)/Atmel/Studio/7.0/Packs/atmel/ATmega_DFP/1.7.374/gcc/dev/atmega32u4/avr5/crtatmega32u4.o
                0x000002ea                __init
 *(.init0)
 *(.init1)
 *(.init1)
 *(.init2)
 .init2         0x000002ea        0xc C:/Program Files (x86)/Atmel/Studio/7.0/Packs/atmel/ATmega_DFP/1.7.374/gcc/dev/atmega32u4/avr5/crtatmega32u4.o
 *(.init2)
 *(.init3)
 *(.init3)
 *(.init4)
 .init4         0x000002f6       0x16 c:/program files (x86)/atmel/studio/7.0/toolchain/avr8/avr8-gnu-toolchain/bin/../lib/gcc/avr/5.4.0/avr5\libgcc.a(_copy_data.o)
                0x000002f6                __do_copy_data
 .init4         0x0000030c       0x10 c:/program files (x86)/atmel/studio/7.0/toolchain/avr8/avr8-gnu-toolchain/bin/../lib/gcc/avr/5.4.0/avr5\libgcc.a(_clear_bss.o)
                0x0000030c                __do_clear_bss
 *(.init4)
 *(.init5)
 *(.init5)
 *(.init6)
 *(.init6)
 *(.init7)
 *(.init7)
 *(.init8)
 *(.init8)
 *(.init9)
 .init9         0x0000031c        0x8 C:/Program Files (x86)/Atmel/Studio/7.0/Packs/atmel/ATmega_DFP/1.7.374/gcc/dev/atmega32u4/avr5/crtatmega32u4.o
 *(.init9)
 *(.text)
 .text          0x00000324        0x4 C:/Program Files (x86)/Atmel/Studio/7.0/Packs/atmel/ATmega_DFP/1.7.374/gcc/dev/atmega32u4/avr5/crtatmega32u4.o
                0x00000324                __vector_22
                0x00000324                __vector_28
                0x00000324                __vector_1
                0x00000324                __vector_34
                0x00000324                __vector_24
                0x00000324                __vector_12
                0x00000324                __bad_interrupt
                0x00000324                __vector_6
                0x00000324                __vector_31
                0x00000324                __vector_35
                0x00000324                __vector_39
                0x00000324                __vector_30
                0x00000324                __vector_25
                0x00000324                __vector_13
                0x00000324                __vector_19
                0x00000324                __vector_41
                0x00000324                __vector_27
                0x00000324                __vector_5
                0x00000324                __vector_33
                0x00000324                __vector_37
                0x00000324                __vector_2
                0x00000324                __vector_21
                0x00000324                __vector_15
                0x00000324                __vector_36
                0x00000324                __vector_29
                0x00000324                __vector_40
                0x00000324                __vector_8
                0x00000324                __vector_26
                0x00000324                __vector_14
                0x00000324                __vector_16
                0x00000324                __vector_18
                0x00000324                __vector_20
                0x00000324                __vector_42
                0x00000328                . = ALIGN (0x2)
 *(.text.*)
 .text.timer4_init
                0x00000328       0x32 main.o
 .text.parse_jetson_line
                0x0000035a       0x6e main.o
 .text.receive_from_jetson
                0x000003c8       0x4e main.o
 .text.usb_send_ram
                0x00000416       0x1a main.o
 .text.send_debug
                0x00000430      0x1b2 main.o
 .text.send_telemetry
                0x000005e2      0x210 main.o
 .text.main     0x000007f2      0x162 main.o
                0x000007f2                main
 .text.__vector_38
                0x00000954       0x26 main.o
                0x00000954                __vector_38
 .text.analog_init
                0x0000097a       0x26 src/analog.o
                0x0000097a                analog_init
 .text.analog_read_raw
                0x000009a0       0x84 src/analog.o
                0x000009a0                analog_read_raw
 .text.analog_get_battery_1_mV
                0x00000a24       0x20 src/analog.o
                0x00000a24                analog_get_battery_1_mV
 .text.analog_get_battery_2_mV
                0x00000a44       0x20 src/analog.o
                0x00000a44                analog_get_battery_2_mV
 .text.analog_get_cliff_left
                0x00000a64        0x8 src/analog.o
                0x00000a64                analog_get_cliff_left
 .text.analog_get_cliff_front
                0x00000a6c        0x8 src/analog.o
                0x00000a6c                analog_get_cliff_front
 .text.analog_get_cliff_right
                0x00000a74        0x8 src/analog.o
                0x00000a74                analog_get_cliff_right
 .text.__vector_3
                0x00000a7c       0xcc src/encoder.o
                0x00000a7c                __vector_3
 .text.__vector_4
                0x00000b48       0xcc src/encoder.o
                0x00000b48                __vector_4
 .text.__vector_7
                0x00000c14       0xcc src/encoder.o
                0x00000c14                __vector_7
 .text.__vector_9
                0x00000ce0       0xd6 src/encoder.o
                0x00000ce0                __vector_9
 .text.encoder_get_left
                0x00000db6       0x16 src/encoder.o
                0x00000db6                encoder_get_left
 .text.encoder_get_right
                0x00000dcc       0x16 src/encoder.o
                0x00000dcc                encoder_get_right
 .text.encoder_reset_left
                0x00000de2       0x16 src/encoder.o
                0x00000de2                encoder_reset_left
 .text.encoder_reset_right
                0x00000df8       0x16 src/encoder.o
                0x00000df8                encoder_reset_right
 .text.encoder_reset_both
                0x00000e0e        0xa src/encoder.o
                0x00000e0e                encoder_reset_both
 .text.encoder_emergency_hit
                0x00000e18        0xa src/encoder.o
                0x00000e18                encoder_emergency_hit
 .text.encoder_odometry_reset
                0x00000e22       0xd6 src/encoder.o
                0x00000e22                encoder_odometry_reset
 .text.encoder_init
                0x00000ef8       0xe4 src/encoder.o
                0x00000ef8                encoder_init
 .text.encoder_odometry_update
                0x00000fdc      0x26e src/encoder.o
                0x00000fdc                encoder_odometry_update
 .text.encoder_left_speed_mm_s
                0x0000124a       0x66 src/encoder.o
                0x0000124a                encoder_left_speed_mm_s
 .text.encoder_right_speed_mm_s
                0x000012b0       0x66 src/encoder.o
                0x000012b0                encoder_right_speed_mm_s
 .text.encoder_robot_speed_mm_s
                0x00001316       0x3e src/encoder.o
                0x00001316                encoder_robot_speed_mm_s
 .text.encoder_robot_omega_dps
                0x00001354       0x3e src/encoder.o
                0x00001354                encoder_robot_omega_dps
 .text.encoder_robot_distance_mm
                0x00001392       0x12 src/encoder.o
                0x00001392                encoder_robot_distance_mm
 .text.encoder_robot_angle_deg
                0x000013a4       0x12 src/encoder.o
                0x000013a4                encoder_robot_angle_deg
 .text.encoder_loop_time_us
                0x000013b6       0x12 src/encoder.o
                0x000013b6                encoder_loop_time_us
 .text.twi_start
                0x000013c8       0x50 src/bno055_ll.o
 .text.twi_stop
                0x00001418        0x8 src/bno055_ll.o
 .text.twi_init
                0x00001420       0x18 src/bno055_ll.o
                0x00001420                twi_init
 .text.twi_write
                0x00001438       0x60 src/bno055_ll.o
                0x00001438                twi_write
 .text.twi_read
                0x00001498       0x92 src/bno055_ll.o
                0x00001498                twi_read
 .text.bno055_write8
                0x0000152a       0x26 src/bno055_ll.o
                0x0000152a                bno055_write8
 .text.bno055_set_mode
                0x00001550        0xa src/bno055_ll.o
 .text.bno055_read8
                0x0000155a       0x3a src/bno055_ll.o
                0x0000155a                bno055_read8
 .text.bno055_read
                0x00001594       0x40 src/bno055_ll.o
                0x00001594                bno055_read
 .text.bno055_init
                0x000015d4       0x84 src/bno055_ll.o
                0x000015d4                bno055_init
 .text.bno055_get_euler
                0x00001658       0x86 src/bno055_ll.o
                0x00001658                bno055_get_euler
 .text.__vector_32
                0x000016de       0x4a src/motors.o
                0x000016de                __vector_32
 .text.__vector_17
                0x00001728       0x4a src/motors.o
                0x00001728                __vector_17
 .text.motors_enable_left
                0x00001772       0x14 src/motors.o
                0x00001772                motors_enable_left
 .text.motors_enable_right
                0x00001786       0x14 src/motors.o
                0x00001786                motors_enable_right
 .text.motors_enable_all
                0x0000179a       0x12 src/motors.o
                0x0000179a                motors_enable_all
 .text.motors_init
                0x000017ac       0x78 src/motors.o
                0x000017ac                motors_init
 .text.motors_set_dir_left
                0x00001824       0x14 src/motors.o
                0x00001824                motors_set_dir_left
 .text.motors_set_dir_right
                0x00001838       0x14 src/motors.o
                0x00001838                motors_set_dir_right
 .text.motors_set_speed_left
                0x0000184c       0x76 src/motors.o
                0x0000184c                motors_set_speed_left
 .text.motors_set_speed_right
                0x000018c2       0x64 src/motors.o
                0x000018c2                motors_set_speed_right
 .text.motors_set_speed_both
                0x00001926       0x16 src/motors.o
                0x00001926                motors_set_speed_both
 .text.motors_update
                0x0000193c      0x1ca src/motors.o
                0x0000193c                motors_update
 .text.motors_stop_all
                0x00001b06       0x1c src/motors.o
                0x00001b06                motors_stop_all
 .text.motors_get_edge_count_left
                0x00001b22       0x18 src/motors.o
                0x00001b22                motors_get_edge_count_left
 .text.motors_get_edge_count_right
                0x00001b3a       0x18 src/motors.o
                0x00001b3a                motors_get_edge_count_right
 .text.motors_get_step_count_left
                0x00001b52        0xe src/motors.o
                0x00001b52                motors_get_step_count_left
 .text.motors_get_step_count_right
                0x00001b60        0xe src/motors.o
                0x00001b60                motors_get_step_count_right
 .text.m_usb_init
                0x00001b6e       0x32 src/m_usb.o
                0x00001b6e                m_usb_init
 .text.m_usb_rx_char
                0x00001ba0       0x3c src/m_usb.o
                0x00001ba0                m_usb_rx_char
 .text.m_usb_rx_available
                0x00001bdc       0x1e src/m_usb.o
                0x00001bdc                m_usb_rx_available
 .text.m_usb_tx_char
                0x00001bfa       0x88 src/m_usb.o
                0x00001bfa                m_usb_tx_char
 .text.m_usb_tx_push
                0x00001c82       0x20 src/m_usb.o
                0x00001c82                m_usb_tx_push
 .text.__vector_10
                0x00001ca2       0x7c src/m_usb.o
                0x00001ca2                __vector_10
 .text.__vector_11
                0x00001d1e      0x2e2 src/m_usb.o
                0x00001d1e                __vector_11
 .text.print_P  0x00002000       0x30 src/m_usb.o
                0x00002000                print_P
 .text.profiler_init
                0x00002030       0xaa src/profiler.o
                0x00002030                profiler_init
 .text.profiler_update
                0x000020da      0x218 src/profiler.o
                0x000020da                profiler_update
 .text.profiler_is_running
                0x000022f2        0x6 src/profiler.o
                0x000022f2                profiler_is_running
 .text.profiler_turn_init
                0x000022f8      0x140 src/profiler.o
                0x000022f8                profiler_turn_init
 .text.profiler_turn_update
                0x00002438      0x236 src/profiler.o
                0x00002438                profiler_turn_update
 .text.profiler_turn_is_running
                0x0000266e        0x6 src/profiler.o
                0x0000266e                profiler_turn_is_running
 .text.systime_init
                0x00002674       0x12 src/systime.o
                0x00002674                systime_init
 .text.__vector_23
                0x00002686       0x7e src/systime.o
                0x00002686                __vector_23
 .text.micros64
                0x00002704       0x4a src/systime.o
                0x00002704                micros64
 .text.avr-libc.fplib
                0x0000274e        0xe c:/program files (x86)/atmel/studio/7.0/toolchain/avr8/avr8-gnu-toolchain/bin/../lib/gcc/avr/5.4.0/../../../../avr/lib/avr5\libm.a(addsf3.o)
                0x0000274e                __subsf3
                0x00002750                __addsf3
 .text.avr-libc.fplib
                0x0000275c       0xcc c:/program files (x86)/atmel/studio/7.0/toolchain/avr8/avr8-gnu-toolchain/bin/../lib/gcc/avr/5.4.0/../../../../avr/lib/avr5\libm.a(addsf3x.o)
                0x0000277e                __addsf3x
 .text.avr-libc.fplib
                0x00002828        0xa c:/program files (x86)/atmel/studio/7.0/toolchain/avr8/avr8-gnu-toolchain/bin/../lib/gcc/avr/5.4.0/../../../../avr/lib/avr5\libm.a(cmpsf2.o)
                0x00002828                __nesf2
                0x00002828                __eqsf2
                0x00002828                __cmpsf2
                0x00002828                __ltsf2
                0x00002828                __lesf2
 .text.avr-libc.fplib
                0x00002832        0x8 c:/program files (x86)/atmel/studio/7.0/toolchain/avr8/avr8-gnu-toolchain/bin/../lib/gcc/avr/5.4.0/../../../../avr/lib/avr5\libm.a(divsf3.o)
                0x00002832                __divsf3
 .text.avr-libc.fplib
                0x0000283a       0xdc c:/program files (x86)/atmel/studio/7.0/toolchain/avr8/avr8-gnu-toolchain/bin/../lib/gcc/avr/5.4.0/../../../../avr/lib/avr5\libm.a(divsf3x.o)
                0x0000285a                __divsf3x
                0x00002860                __divsf3_pse
 .text.avr-libc.fplib
                0x00002916       0x5e c:/program files (x86)/atmel/studio/7.0/toolchain/avr8/avr8-gnu-toolchain/bin/../lib/gcc/avr/5.4.0/../../../../avr/lib/avr5\libm.a(fixunssfsi.o)
                0x00002916                __fixunssfsi
 .text.avr-libc.fplib
                0x00002974       0x7a c:/program files (x86)/atmel/studio/7.0/toolchain/avr8/avr8-gnu-toolchain/bin/../lib/gcc/avr/5.4.0/../../../../avr/lib/avr5\libm.a(floatsisf.o)
                0x00002974                __floatunsisf
                0x00002978                __floatsisf
 .text.avr-libc.fplib
                0x000029ee       0x48 c:/program files (x86)/atmel/studio/7.0/toolchain/avr8/avr8-gnu-toolchain/bin/../lib/gcc/avr/5.4.0/../../../../avr/lib/avr5\libm.a(fp_cmp.o)
                0x000029ee                __fp_cmp
 .text.avr-libc.fplib
                0x00002a36        0xc c:/program files (x86)/atmel/studio/7.0/toolchain/avr8/avr8-gnu-toolchain/bin/../lib/gcc/avr/5.4.0/../../../../avr/lib/avr5\libm.a(fp_inf.o)
                0x00002a36                __fp_inf
 .text.avr-libc.fplib
                0x00002a42        0x6 c:/program files (x86)/atmel/studio/7.0/toolchain/avr8/avr8-gnu-toolchain/bin/../lib/gcc/avr/5.4.0/../../../../avr/lib/avr5\libm.a(fp_nan.o)
                0x00002a42                __fp_nan
 .text.avr-libc.fplib
                0x00002a48        0xe c:/program files (x86)/atmel/studio/7.0/toolchain/avr8/avr8-gnu-toolchain/bin/../lib/gcc/avr/5.4.0/../../../../avr/lib/avr5\libm.a(fp_pscA.o)
                0x00002a48                __fp_pscA
 .text.avr-libc.fplib
                0x00002a56        0xe c:/program files (x86)/atmel/studio/7.0/toolchain/avr8/avr8-gnu-toolchain/bin/../lib/gcc/avr/5.4.0/../../../../avr/lib/avr5\libm.a(fp_pscB.o)
                0x00002a56                __fp_pscB
 .text.avr-libc.fplib
                0x00002a64       0x22 c:/program files (x86)/atmel/studio/7.0/toolchain/avr8/avr8-gnu-toolchain/bin/../lib/gcc/avr/5.4.0/../../../../avr/lib/avr5\libm.a(fp_round.o)
                0x00002a64                __fp_round
 .text.avr-libc.fplib
                0x00002a86       0x44 c:/program files (x86)/atmel/studio/7.0/toolchain/avr8/avr8-gnu-toolchain/bin/../lib/gcc/avr/5.4.0/../../../../avr/lib/avr5\libm.a(fp_split3.o)
                0x00002a86                __fp_split3
                0x00002a96                __fp_splitA
 .text.avr-libc.fplib
                0x00002aca        0xe c:/program files (x86)/atmel/studio/7.0/toolchain/avr8/avr8-gnu-toolchain/bin/../lib/gcc/avr/5.4.0/../../../../avr/lib/avr5\libm.a(fp_zero.o)
                0x00002aca                __fp_zero
                0x00002acc                __fp_szero
 .text.avr-libc.fplib
                0x00002ad8        0xa c:/program files (x86)/atmel/studio/7.0/toolchain/avr8/avr8-gnu-toolchain/bin/../lib/gcc/avr/5.4.0/../../../../avr/lib/avr5\libm.a(gesf2.o)
                0x00002ad8                __gesf2
                0x00002ad8                __gtsf2
 .text.avr-libc.fplib
                0x00002ae2        0x8 c:/program files (x86)/atmel/studio/7.0/toolchain/avr8/avr8-gnu-toolchain/bin/../lib/gcc/avr/5.4.0/../../../../avr/lib/avr5\libm.a(mulsf3.o)
                0x00002ae2                __mulsf3
 .text.avr-libc.fplib
                0x00002aea       0xd2 c:/program files (x86)/atmel/studio/7.0/toolchain/avr8/avr8-gnu-toolchain/bin/../lib/gcc/avr/5.4.0/../../../../avr/lib/avr5\libm.a(mulsf3x.o)
                0x00002b08                __mulsf3x
                0x00002b0e                __mulsf3_pse
 .text.avr-libc.fplib
                0x00002bbc       0x8c c:/program files (x86)/atmel/studio/7.0/toolchain/avr8/avr8-gnu-toolchain/bin/../lib/gcc/avr/5.4.0/../../../../avr/lib/avr5\libm.a(sqrt.o)
                0x00002bc8                sqrtf
                0x00002bc8                sqrt
 .text.avr-libc.fplib
                0x00002c48       0x1c c:/program files (x86)/atmel/studio/7.0/toolchain/avr8/avr8-gnu-toolchain/bin/../lib/gcc/avr/5.4.0/../../../../avr/lib/avr5\libm.a(fp_mpack.o)
                0x00002c48                __fp_mpack
                0x00002c4c                __fp_mpack_finite
 .text.avr-libc.fplib
                0x00002c64        0xe c:/program files (x86)/atmel/studio/7.0/toolchain/avr8/avr8-gnu-toolchain/bin/../lib/gcc/avr/5.4.0/../../../../avr/lib/avr5\libm.a(fp_norm2.o)
                0x00002c64                __fp_norm2
 .text.avr-libc
                0x00002c72      0x6fa c:/program files (x86)/atmel/studio/7.0/toolchain/avr8/avr8-gnu-toolchain/bin/../lib/gcc/avr/5.4.0/../../../../avr/lib/avr5\libprintf_flt.a(vfprintf_flt.o)
                0x00002c72                vfprintf
 .text.libgcc.div
                0x0000336c       0x44 c:/program files (x86)/atmel/studio/7.0/toolchain/avr8/avr8-gnu-toolchain/bin/../lib/gcc/avr/5.4.0/avr5\libgcc.a(_udivmodsi4.o)
                0x0000336c                __udivmodsi4
 .text.libgcc   0x000033b0        0xc c:/program files (x86)/atmel/studio/7.0/toolchain/avr8/avr8-gnu-toolchain/bin/../lib/gcc/avr/5.4.0/avr5\libgcc.a(_tablejump2.o)
                0x000033b0                __tablejump2__
 .text.libgcc.mul
                0x000033bc       0x1e c:/program files (x86)/atmel/studio/7.0/toolchain/avr8/avr8-gnu-toolchain/bin/../lib/gcc/avr/5.4.0/avr5\libgcc.a(_umulhisi3.o)
                0x000033bc                __umulhisi3
 .text.libgcc.prologue
                0x000033da       0x38 c:/program files (x86)/atmel/studio/7.0/toolchain/avr8/avr8-gnu-toolchain/bin/../lib/gcc/avr/5.4.0/avr5\libgcc.a(_prologue.o)
                0x000033da                __prologue_saves__
 .text.libgcc.prologue
                0x00003412       0x36 c:/program files (x86)/atmel/studio/7.0/toolchain/avr8/avr8-gnu-toolchain/bin/../lib/gcc/avr/5.4.0/avr5\libgcc.a(_epilogue.o)
                0x00003412                __epilogue_restores__
 .text.libgcc.builtins
                0x00003448       0x32 c:/program files (x86)/atmel/studio/7.0/toolchain/avr8/avr8-gnu-toolchain/bin/../lib/gcc/avr/5.4.0/avr5\libgcc.a(_ashldi3.o)
                0x00003448                __ashldi3
 .text.libgcc.builtins
                0x0000347a       0x3c c:/program files (x86)/atmel/studio/7.0/toolchain/avr8/avr8-gnu-toolchain/bin/../lib/gcc/avr/5.4.0/avr5\libgcc.a(_ashrdi3.o)
                0x0000347a                __ashrdi3
                0x0000347e                __lshrdi3
 .text.libgcc   0x000034b6       0x18 c:/program files (x86)/atmel/studio/7.0/toolchain/avr8/avr8-gnu-toolchain/bin/../lib/gcc/avr/5.4.0/avr5\libgcc.a(_adddi3_s8.o)
                0x000034b6                __adddi3_s8
 .text.avr-libc
                0x000034ce      0x1b0 c:/program files (x86)/atmel/studio/7.0/toolchain/avr8/avr8-gnu-toolchain/bin/../lib/gcc/avr/5.4.0/../../../../avr/lib/avr5\libc.a(ftoa_engine.o)
                0x000034ce                __ftoa_engine
 .text.avr-libc
                0x0000367e       0x16 c:/program files (x86)/atmel/studio/7.0/toolchain/avr8/avr8-gnu-toolchain/bin/../lib/gcc/avr/5.4.0/../../../../avr/lib/avr5\libc.a(strnlen_P.o)
                0x0000367e                strnlen_P
 .text.avr-libc
                0x00003694       0x16 c:/program files (x86)/atmel/studio/7.0/toolchain/avr8/avr8-gnu-toolchain/bin/../lib/gcc/avr/5.4.0/../../../../avr/lib/avr5\libc.a(strnlen.o)
                0x00003694                strnlen
 .text.avr-libc
                0x000036aa       0x78 c:/program files (x86)/atmel/studio/7.0/toolchain/avr8/avr8-gnu-toolchain/bin/../lib/gcc/avr/5.4.0/../../../../avr/lib/avr5\libc.a(fputc.o)
                0x000036aa                fputc
 .text.avr-libc
                0x00003722       0x60 c:/program files (x86)/atmel/studio/7.0/toolchain/avr8/avr8-gnu-toolchain/bin/../lib/gcc/avr/5.4.0/../../../../avr/lib/avr5\libc.a(snprintf.o)
                0x00003722                snprintf
 .text.avr-libc
                0x00003782       0x32 c:/program files (x86)/atmel/studio/7.0/toolchain/avr8/avr8-gnu-toolchain/bin/../lib/gcc/avr/5.4.0/../../../../avr/lib/avr5\libc.a(sscanf.o)
                0x00003782                sscanf
 .text.avr-libc
                0x000037b4       0xbc c:/program files (x86)/atmel/studio/7.0/toolchain/avr8/avr8-gnu-toolchain/bin/../lib/gcc/avr/5.4.0/../../../../avr/lib/avr5\libc.a(ultoa_invert.o)
                0x000037b4                __ultoa_invert
 .text.avr-libc
                0x00003870      0x55a c:/program files (x86)/atmel/studio/7.0/toolchain/avr8/avr8-gnu-toolchain/bin/../lib/gcc/avr/5.4.0/../../../../avr/lib/avr5\libc.a(vfscanf_std.o)
                0x00003ba8                vfscanf
 .text.avr-libc
                0x00003dca       0x12 c:/program files (x86)/atmel/studio/7.0/toolchain/avr8/avr8-gnu-toolchain/bin/../lib/gcc/avr/5.4.0/../../../../avr/lib/avr5\libc.a(isspace.o)
                0x00003dca                isspace
 .text.avr-libc
                0x00003ddc       0x16 c:/program files (x86)/atmel/studio/7.0/toolchain/avr8/avr8-gnu-toolchain/bin/../lib/gcc/avr/5.4.0/../../../../avr/lib/avr5\libc.a(strchr_P.o)
                0x00003ddc                strchr_P
 .text.avr-libc
                0x00003df2       0x7c c:/program files (x86)/atmel/studio/7.0/toolchain/avr8/avr8-gnu-toolchain/bin/../lib/gcc/avr/5.4.0/../../../../avr/lib/avr5\libc.a(fgetc.o)
                0x00003df2                fgetc
 .text.avr-libc
                0x00003e6e       0x32 c:/program files (x86)/atmel/studio/7.0/toolchain/avr8/avr8-gnu-toolchain/bin/../lib/gcc/avr/5.4.0/../../../../avr/lib/avr5\libc.a(ungetc.o)
                0x00003e6e                ungetc
 .text.avr-libc
                0x00003ea0        0x6 c:/program files (x86)/atmel/studio/7.0/toolchain/avr8/avr8-gnu-toolchain/bin/../lib/gcc/avr/5.4.0/../../../../avr/lib/avr5\libc.a(cty_isfalse.o)
                0x00003ea0                __ctype_isfalse
                0x00003ea4                __ctype_istrue
                0x00003ea6                . = ALIGN (0x2)
 *(.fini9)
 .fini9         0x00003ea6        0x0 c:/program files (x86)/atmel/studio/7.0/toolchain/avr8/avr8-gnu-toolchain/bin/../lib/gcc/avr/5.4.0/avr5\libgcc.a(_exit.o)
                0x00003ea6                _exit
                0x00003ea6                exit
 *(.fini9)
 *(.fini8)
 *(.fini8)
 *(.fini7)
 *(.fini7)
 *(.fini6)
 *(.fini6)
 *(.fini5)
 *(.fini5)
 *(.fini4)
 *(.fini4)
 *(.fini3)
 *(.fini3)
 *(.fini2)
 *(.fini2)
 *(.fini1)
 *(.fini1)
 *(.fini0)
 .fini0         0x00003ea6        0x4 c:/program files (x86)/atmel/studio/7.0/toolchain/avr8/avr8-gnu-toolchain/bin/../lib/gcc/avr/5.4.0/avr5\libgcc.a(_exit.o)
 *(.fini0)
                0x00003eaa                _etext = .

.data           0x00800100       0xb4 load address 0x00003eaa
                0x00800100                PROVIDE (__data_start, .)
 *(.data)
 *(.data*)
 .data.loop_dt_us
                0x00800100        0x4 src/encoder.o
 .data.cdc_line_coding
                0x00800104        0x7 src/m_usb.o
 *(.gnu.linkonce.d*)
 *(.rodata)
 *(.rodata*)
 .rodata.str1.1
                0x0080010b       0xa9 main.o
 *(.gnu.linkonce.r*)
                0x008001b4                . = ALIGN (0x2)
                0x008001b4                _edata = .
                0x008001b4                PROVIDE (__data_end, .)

.bss            0x008001b4       0xd9
                0x008001b4                PROVIDE (__bss_start, .)
 *(.bss)
 *(.bss*)
 .bss.motions.2470
                0x008001b4        0x8 main.o
 .bss.loop_execute
                0x008001bc        0x1 main.o
 .bss.rx_ang_acc
                0x008001bd        0x4 main.o
 .bss.rx_lin_acc
                0x008001c1        0x4 main.o
 .bss.rx_last_omega
                0x008001c5        0x2 main.o
 .bss.rx_last_vel
                0x008001c7        0x2 main.o
 .bss.rx_max_omega
                0x008001c9        0x2 main.o
 .bss.rx_max_vel
                0x008001cb        0x2 main.o
 .bss.rx_angle  0x008001cd        0x4 main.o
 .bss.rx_distance
                0x008001d1        0x4 main.o
 .bss.profile_requested
                0x008001d5        0x1 main.o
 .bss.rx_index  0x008001d6        0x1 main.o
 .bss.rx_buf    0x008001d7       0x40 main.o
 .bss.emg_flag  0x00800217        0x1 src/encoder.o
 .bss.prev_ts_us
                0x00800218        0x8 src/encoder.o
 .bss.robot_angle_deg
                0x00800220        0x4 src/encoder.o
 .bss.robot_distance_mm
                0x00800224        0x4 src/encoder.o
 .bss.rot_change_deg
                0x00800228        0x4 src/encoder.o
 .bss.fwd_change_mm
                0x0080022c        0x4 src/encoder.o
 .bss.right_delta
                0x00800230        0x4 src/encoder.o
 .bss.left_delta
                0x00800234        0x4 src/encoder.o
 .bss.prev_right_cnt
                0x00800238        0x4 src/encoder.o
 .bss.prev_left_cnt
                0x0080023c        0x4 src/encoder.o
 .bss.right_last_state
                0x00800240        0x1 src/encoder.o
 .bss.left_last_state
                0x00800241        0x1 src/encoder.o
 .bss.right_cnt
                0x00800242        0x4 src/encoder.o
 .bss.left_cnt  0x00800246        0x4 src/encoder.o
 .bss.right_edge_cnt
                0x0080024a        0x4 src/motors.o
                0x0080024a                right_edge_cnt
 .bss.left_edge_cnt
                0x0080024e        0x4 src/motors.o
                0x0080024e                left_edge_cnt
 .bss.cdc_line_rtsdtr
                0x00800252        0x1 src/m_usb.o
 .bss.transmit_previous_timeout
                0x00800253        0x1 src/m_usb.o
 .bss.transmit_flush_timer
                0x00800254        0x1 src/m_usb.o
 .bss.usb_configuration
                0x00800255        0x1 src/m_usb.o
 .bss.turn_ccw  0x00800256        0x1 src/profiler.o
 .bss.turn_running
                0x00800257        0x1 src/profiler.o
 .bss.turn_start_right
                0x00800258        0x4 src/profiler.o
 .bss.turn_start_left
                0x0080025c        0x4 src/profiler.o
 .bss.turn_counts_per_mm
                0x00800260        0x4 src/profiler.o
 .bss.turn_acc  0x00800264        0x4 src/profiler.o
 .bss.turn_max_vel
                0x00800268        0x4 src/profiler.o
 .bss.target_wheel_mm
                0x0080026c        0x4 src/profiler.o
 .bss.lin_running
                0x00800270        0x1 src/profiler.o
 .bss.lin_start_steps
                0x00800271        0x4 src/profiler.o
 .bss.lin_counts_per_mm
                0x00800275        0x4 src/profiler.o
 .bss.lin_acc   0x00800279        0x4 src/profiler.o
 .bss.lin_max_vel
                0x0080027d        0x4 src/profiler.o
 .bss.target_dist_mm
                0x00800281        0x4 src/profiler.o
 .bss._ovf64    0x00800285        0x8 src/systime.o
 *(COMMON)
                0x0080028d                PROVIDE (__bss_end, .)
                0x00003eaa                __data_load_start = LOADADDR (.data)
                0x00003f5e                __data_load_end = (__data_load_start + SIZEOF (.data))

.noinit         0x0080028d        0x0
                [!provide]                PROVIDE (__noinit_start, .)
 *(.noinit*)
                [!provide]                PROVIDE (__noinit_end, .)
                0x0080028d                _end = .
                [!provide]                PROVIDE (__heap_start, .)

.eeprom         0x00810000        0x0
 *(.eeprom*)
                0x00810000                __eeprom_end = .

.fuse
 *(.fuse)
 *(.lfuse)
 *(.hfuse)
 *(.efuse)

.lock
 *(.lock*)

.signature
 *(.signature*)

.user_signatures
 *(.user_signatures*)

.stab
 *(.stab)

.stabstr
 *(.stabstr)

.stab.excl
 *(.stab.excl)

.stab.exclstr
 *(.stab.exclstr)

.stab.index
 *(.stab.index)

.stab.indexstr
 *(.stab.indexstr)

.comment        0x00000000       0x5c
 *(.comment)
 .comment       0x00000000       0x30 main.o
                                 0x31 (size before relaxing)
 .comment       0x00000030       0x31 src/analog.o
 .comment       0x00000030       0x31 src/encoder.o
 .comment       0x00000030       0x31 src/bno055_ll.o
 .comment       0x00000030       0x31 src/motors.o
 .comment       0x00000030       0x31 src/m_usb.o
 .comment       0x00000030       0x31 src/profiler.o
 .comment       0x00000030       0x31 src/systime.o
 .comment       0x00000030       0x2c c:/program files (x86)/atmel/studio/7.0/toolchain/avr8/avr8-gnu-toolchain/bin/../lib/gcc/avr/5.4.0/../../../../avr/lib/avr5\libprintf_flt.a(vfprintf_flt.o)
                                 0x2d (size before relaxing)
 .comment       0x0000005c       0x31 c:/program files (x86)/atmel/studio/7.0/toolchain/avr8/avr8-gnu-toolchain/bin/../lib/gcc/avr/5.4.0/../../../../avr/lib/avr5\libc.a(fputc.o)
 .comment       0x0000005c       0x31 c:/program files (x86)/atmel/studio/7.0/toolchain/avr8/avr8-gnu-toolchain/bin/../lib/gcc/avr/5.4.0/../../../../avr/lib/avr5\libc.a(snprintf.o)
 .comment       0x0000005c       0x31 c:/program files (x86)/atmel/studio/7.0/toolchain/avr8/avr8-gnu-toolchain/bin/../lib/gcc/avr/5.4.0/../../../../avr/lib/avr5\libc.a(sscanf.o)
 .comment       0x0000005c       0x2d c:/program files (x86)/atmel/studio/7.0/toolchain/avr8/avr8-gnu-toolchain/bin/../lib/gcc/avr/5.4.0/../../../../avr/lib/avr5\libc.a(vfscanf_std.o)
 .comment       0x0000005c       0x31 c:/program files (x86)/atmel/studio/7.0/toolchain/avr8/avr8-gnu-toolchain/bin/../lib/gcc/avr/5.4.0/../../../../avr/lib/avr5\libc.a(fgetc.o)
 .comment       0x0000005c       0x31 c:/program files (x86)/atmel/studio/7.0/toolchain/avr8/avr8-gnu-toolchain/bin/../lib/gcc/avr/5.4.0/../../../../avr/lib/avr5\libc.a(ungetc.o)

.note.gnu.avr.deviceinfo
                0x00000000       0x40
 .note.gnu.avr.deviceinfo
                0x00000000       0x40 C:/Program Files (x86)/Atmel/Studio/7.0/Packs/atmel/ATmega_DFP/1.7.374/gcc/dev/atmega32u4/avr5/crtatmega32u4.o

.note.gnu.build-id
 *(.note.gnu.build-id)

.debug
 *(.debug)

.line
 *(.line)

.debug_srcinfo
 *(.debug_srcinfo)

.debug_sfnames
 *(.debug_sfnames)

.debug_aranges  0x00000000      0x3f0
 *(.debug_aranges)
 .debug_aranges
                0x00000000       0x58 main.o
 .debug_aranges
                0x00000058       0x50 src/analog.o
 .debug_aranges
                0x000000a8       0xb8 src/encoder.o
 .debug_aranges
                0x00000160       0x90 src/bno055_ll.o
 .debug_aranges
                0x000001f0       0xa8 src/motors.o
 .debug_aranges
                0x00000298       0xe0 src/m_usb.o
 .debug_aranges
                0x00000378       0x48 src/profiler.o
 .debug_aranges
                0x000003c0       0x30 src/systime.o

.debug_pubnames
 *(.debug_pubnames)

.debug_info     0x00000000     0x4389
 *(.debug_info .gnu.linkonce.wi.*)
 .debug_info    0x00000000      0x9f4 C:/Program Files (x86)/Atmel/Studio/7.0/Packs/atmel/ATmega_DFP/1.7.374/gcc/dev/atmega32u4/avr5/crtatmega32u4.o
 .debug_info    0x000009f4      0x9e3 main.o
 .debug_info    0x000013d7      0x29b src/analog.o
 .debug_info    0x00001672      0x7a6 src/encoder.o
 .debug_info    0x00001e18      0x955 src/bno055_ll.o
 .debug_info    0x0000276d      0x62a src/motors.o
 .debug_info    0x00002d97      0xf66 src/m_usb.o
 .debug_info    0x00003cfd      0x57d src/profiler.o
 .debug_info    0x0000427a      0x10f src/systime.o

.debug_abbrev   0x00000000     0x17a5
 *(.debug_abbrev)
 .debug_abbrev  0x00000000      0x96a C:/Program Files (x86)/Atmel/Studio/7.0/Packs/atmel/ATmega_DFP/1.7.374/gcc/dev/atmega32u4/avr5/crtatmega32u4.o
 .debug_abbrev  0x0000096a      0x25e main.o
 .debug_abbrev  0x00000bc8      0x15c src/analog.o
 .debug_abbrev  0x00000d24      0x231 src/encoder.o
 .debug_abbrev  0x00000f55      0x1fc src/bno055_ll.o
 .debug_abbrev  0x00001151      0x1e0 src/motors.o
 .debug_abbrev  0x00001331      0x299 src/m_usb.o
 .debug_abbrev  0x000015ca      0x113 src/profiler.o
 .debug_abbrev  0x000016dd       0xc8 src/systime.o

.debug_line     0x00000000     0x283e
 *(.debug_line .debug_line.* .debug_line_end)
 .debug_line    0x00000000      0x19a C:/Program Files (x86)/Atmel/Studio/7.0/Packs/atmel/ATmega_DFP/1.7.374/gcc/dev/atmega32u4/avr5/crtatmega32u4.o
 .debug_line    0x0000019a      0x3fe main.o
 .debug_line    0x00000598      0x1c9 src/analog.o
 .debug_line    0x00000761      0x648 src/encoder.o
 .debug_line    0x00000da9      0x4d8 src/bno055_ll.o
 .debug_line    0x00001281      0x459 src/motors.o
 .debug_line    0x000016da      0xda7 src/m_usb.o
 .debug_line    0x00002481      0x291 src/profiler.o
 .debug_line    0x00002712      0x12c src/systime.o

.debug_frame    0x00000000      0xdb8
 *(.debug_frame)
 .debug_frame   0x00000000      0x1b8 main.o
 .debug_frame   0x000001b8       0x84 src/analog.o
 .debug_frame   0x0000023c      0x2a0 src/encoder.o
 .debug_frame   0x000004dc      0x244 src/bno055_ll.o
 .debug_frame   0x00000720      0x1d0 src/motors.o
 .debug_frame   0x000008f0      0x2c0 src/m_usb.o
 .debug_frame   0x00000bb0      0x184 src/profiler.o
 .debug_frame   0x00000d34       0x84 src/systime.o

.debug_str      0x00000000     0x12ca
 *(.debug_str)
 .debug_str     0x00000000      0x371 C:/Program Files (x86)/Atmel/Studio/7.0/Packs/atmel/ATmega_DFP/1.7.374/gcc/dev/atmega32u4/avr5/crtatmega32u4.o
 .debug_str     0x00000371      0x58a main.o
                                0x5de (size before relaxing)
 .debug_str     0x000008fb       0x40 src/analog.o
                                0x23b (size before relaxing)
 .debug_str     0x0000093b      0x19f src/encoder.o
                                0x45e (size before relaxing)
 .debug_str     0x00000ada       0xfd src/bno055_ll.o
                                0x2f4 (size before relaxing)
 .debug_str     0x00000bd7      0x1e5 src/motors.o
                                0x399 (size before relaxing)
 .debug_str     0x00000dbc      0x3a0 src/m_usb.o
                                0x5aa (size before relaxing)
 .debug_str     0x0000115c      0x13d src/profiler.o
                                0x40f (size before relaxing)
 .debug_str     0x00001299       0x31 src/systime.o
                                0x1b1 (size before relaxing)

.debug_loc      0x00000000     0x4598
 *(.debug_loc)
 .debug_loc     0x00000000      0xb28 main.o
 .debug_loc     0x00000b28       0xfc src/analog.o
 .debug_loc     0x00000c24      0x815 src/encoder.o
 .debug_loc     0x00001439      0xbd9 src/bno055_ll.o
 .debug_loc     0x00002012      0x552 src/motors.o
 .debug_loc     0x00002564     0x17ff src/m_usb.o
 .debug_loc     0x00003d63      0x71b src/profiler.o
 .debug_loc     0x0000447e      0x11a src/systime.o

.debug_macinfo
 *(.debug_macinfo)

.debug_weaknames
 *(.debug_weaknames)

.debug_funcnames
 *(.debug_funcnames)

.debug_typenames
 *(.debug_typenames)

.debug_varnames
 *(.debug_varnames)

.debug_pubtypes
 *(.debug_pubtypes)

.debug_ranges   0x00000000      0x438
 *(.debug_ranges)
 .debug_ranges  0x00000000       0x48 main.o
 .debug_ranges  0x00000048       0x78 src/analog.o
 .debug_ranges  0x000000c0       0xa8 src/encoder.o
 .debug_ranges  0x00000168       0xc8 src/bno055_ll.o
 .debug_ranges  0x00000230       0x98 src/motors.o
 .debug_ranges  0x000002c8      0x118 src/m_usb.o
 .debug_ranges  0x000003e0       0x38 src/profiler.o
 .debug_ranges  0x00000418       0x20 src/systime.o

.debug_macro
 *(.debug_macro)
OUTPUT(avr_controller.elf elf32-avr)
LOAD linker stubs
