Archive member included to satisfy reference by file (symbol)

c:/program files (x86)/atmel/studio/7.0/toolchain/avr8/avr8-gnu-toolchain/bin/../lib/gcc/avr/5.4.0/../../../../avr/lib/avr5\libm.a(addsf3.o)
                              src/encoder.o (__subsf3)
c:/program files (x86)/atmel/studio/7.0/toolchain/avr8/avr8-gnu-toolchain/bin/../lib/gcc/avr/5.4.0/../../../../avr/lib/avr5\libm.a(addsf3x.o)
                              c:/program files (x86)/atmel/studio/7.0/toolchain/avr8/avr8-gnu-toolchain/bin/../lib/gcc/avr/5.4.0/../../../../avr/lib/avr5\libm.a(addsf3.o) (__addsf3x)
c:/program files (x86)/atmel/studio/7.0/toolchain/avr8/avr8-gnu-toolchain/bin/../lib/gcc/avr/5.4.0/../../../../avr/lib/avr5\libm.a(cmpsf2.o)
                              src/profiler.o (__nesf2)
c:/program files (x86)/atmel/studio/7.0/toolchain/avr8/avr8-gnu-toolchain/bin/../lib/gcc/avr/5.4.0/../../../../avr/lib/avr5\libm.a(divsf3.o)
                              src/encoder.o (__divsf3)
c:/program files (x86)/atmel/studio/7.0/toolchain/avr8/avr8-gnu-toolchain/bin/../lib/gcc/avr/5.4.0/../../../../avr/lib/avr5\libm.a(divsf3x.o)
                              c:/program files (x86)/atmel/studio/7.0/toolchain/avr8/avr8-gnu-toolchain/bin/../lib/gcc/avr/5.4.0/../../../../avr/lib/avr5\libm.a(divsf3.o) (__divsf3x)
c:/program files (x86)/atmel/studio/7.0/toolchain/avr8/avr8-gnu-toolchain/bin/../lib/gcc/avr/5.4.0/../../../../avr/lib/avr5\libm.a(fixunssfsi.o)
                              src/motors.o (__fixunssfsi)
c:/program files (x86)/atmel/studio/7.0/toolchain/avr8/avr8-gnu-toolchain/bin/../lib/gcc/avr/5.4.0/../../../../avr/lib/avr5\libm.a(floatsisf.o)
                              main.o (__floatunsisf)
c:/program files (x86)/atmel/studio/7.0/toolchain/avr8/avr8-gnu-toolchain/bin/../lib/gcc/avr/5.4.0/../../../../avr/lib/avr5\libm.a(fp_cmp.o)
                              c:/program files (x86)/atmel/studio/7.0/toolchain/avr8/avr8-gnu-toolchain/bin/../lib/gcc/avr/5.4.0/../../../../avr/lib/avr5\libm.a(cmpsf2.o) (__fp_cmp)
c:/program files (x86)/atmel/studio/7.0/toolchain/avr8/avr8-gnu-toolchain/bin/../lib/gcc/avr/5.4.0/../../../../avr/lib/avr5\libm.a(fp_inf.o)
                              c:/program files (x86)/atmel/studio/7.0/toolchain/avr8/avr8-gnu-toolchain/bin/../lib/gcc/avr/5.4.0/../../../../avr/lib/avr5\libm.a(addsf3x.o) (__fp_inf)
c:/program files (x86)/atmel/studio/7.0/toolchain/avr8/avr8-gnu-toolchain/bin/../lib/gcc/avr/5.4.0/../../../../avr/lib/avr5\libm.a(fp_nan.o)
                              c:/program files (x86)/atmel/studio/7.0/toolchain/avr8/avr8-gnu-toolchain/bin/../lib/gcc/avr/5.4.0/../../../../avr/lib/avr5\libm.a(addsf3x.o) (__fp_nan)
c:/program files (x86)/atmel/studio/7.0/toolchain/avr8/avr8-gnu-toolchain/bin/../lib/gcc/avr/5.4.0/../../../../avr/lib/avr5\libm.a(fp_pscA.o)
                              c:/program files (x86)/atmel/studio/7.0/toolchain/avr8/avr8-gnu-toolchain/bin/../lib/gcc/avr/5.4.0/../../../../avr/lib/avr5\libm.a(addsf3x.o) (__fp_pscA)
c:/program files (x86)/atmel/studio/7.0/toolchain/avr8/avr8-gnu-toolchain/bin/../lib/gcc/avr/5.4.0/../../../../avr/lib/avr5\libm.a(fp_pscB.o)
                              c:/program files (x86)/atmel/studio/7.0/toolchain/avr8/avr8-gnu-toolchain/bin/../lib/gcc/avr/5.4.0/../../../../avr/lib/avr5\libm.a(addsf3x.o) (__fp_pscB)
c:/program files (x86)/atmel/studio/7.0/toolchain/avr8/avr8-gnu-toolchain/bin/../lib/gcc/avr/5.4.0/../../../../avr/lib/avr5\libm.a(fp_round.o)
                              c:/program files (x86)/atmel/studio/7.0/toolchain/avr8/avr8-gnu-toolchain/bin/../lib/gcc/avr/5.4.0/../../../../avr/lib/avr5\libm.a(addsf3.o) (__fp_round)
c:/program files (x86)/atmel/studio/7.0/toolchain/avr8/avr8-gnu-toolchain/bin/../lib/gcc/avr/5.4.0/../../../../avr/lib/avr5\libm.a(fp_split3.o)
                              c:/program files (x86)/atmel/studio/7.0/toolchain/avr8/avr8-gnu-toolchain/bin/../lib/gcc/avr/5.4.0/../../../../avr/lib/avr5\libm.a(addsf3x.o) (__fp_split3)
c:/program files (x86)/atmel/studio/7.0/toolchain/avr8/avr8-gnu-toolchain/bin/../lib/gcc/avr/5.4.0/../../../../avr/lib/avr5\libm.a(fp_zero.o)
                              c:/program files (x86)/atmel/studio/7.0/toolchain/avr8/avr8-gnu-toolchain/bin/../lib/gcc/avr/5.4.0/../../../../avr/lib/avr5\libm.a(addsf3x.o) (__fp_zero)
c:/program files (x86)/atmel/studio/7.0/toolchain/avr8/avr8-gnu-toolchain/bin/../lib/gcc/avr/5.4.0/../../../../avr/lib/avr5\libm.a(gesf2.o)
                              src/profiler.o (__gesf2)
c:/program files (x86)/atmel/studio/7.0/toolchain/avr8/avr8-gnu-toolchain/bin/../lib/gcc/avr/5.4.0/../../../../avr/lib/avr5\libm.a(mulsf3.o)
                              main.o (__mulsf3)
c:/program files (x86)/atmel/studio/7.0/toolchain/avr8/avr8-gnu-toolchain/bin/../lib/gcc/avr/5.4.0/../../../../avr/lib/avr5\libm.a(mulsf3x.o)
[...]
Memory Configuration

Name             Origin             Length             Attributes
text             0x00000000         0x00008000         xr
data             0x00800100         0x00000a00         rw !x
eeprom           0x00810000         0x00000400         rw !x
fuse             0x00820000         0x00000003         rw !x
lock             0x00830000         0x00000400         rw !x
signature        0x00840000         0x00000400         rw !x
user_signatures  0x00850000         0x00000400         rw !x
*default*        0x00000000         0xffffffff

Linker script and memory map

Address of section .data set to 0x800100
LOAD C:/Program Files (x86)/Atmel/Studio/7.0/Packs/atmel/ATmega_DFP/1.7.374/gcc/dev/atmega32u4/avr5/crtatmega32u4.o
LOAD main.o
LOAD src/analog.o
LOAD src/encoder.o
LOAD src/bno055_ll.o
LOAD src/motors.o
LOAD src/m_usb.o
LOAD src/profiler.o
LOAD src/systime.o
START GROUP
LOAD c:/program files (x86)/atmel/studio/7.0/toolchain/avr8/avr8-gnu-toolchain/bin/../lib/gcc/avr/5.4.0/../../../../avr/lib/avr5\libm.a
LOAD c:/program files (x86)/atmel/studio/7.0/toolchain/avr8/avr8-gnu-toolchain/bin/../lib/gcc/avr/5.4.0/../../../../avr/lib/avr5\libprintf_flt.a
LOAD c:/program files (x86)/atmel/studio/7.0/toolchain/avr8/avr8-gnu-toolchain/bin/../lib/gcc/avr/5.4.0/../../../../avr/lib/avr5\libscanf_flt.a
END GROUP
LOAD c:/program files (x86)/atmel/studio/7.0/toolchain/avr8/avr8-gnu-toolchain/bin/../lib/gcc/avr/5.4.0/../../../../avr/lib/avr5\libprintf_flt.a
LOAD c:/program files (x86)/atmel/studio/7.0/toolchain/avr8/avr8-gnu-toolchain/bin/../lib/gcc/avr/5.4.0/../../../../avr/lib/avr5\libm.a
START GROUP
LOAD c:/program files (x86)/atmel/studio/7.0/toolchain/avr8/avr8-gnu-toolchain/bin/../lib/gcc/avr/5.4.0/avr5\libgcc.a
LOAD c:/program files (x86)/atmel/studio/7.0/toolchain/avr8/avr8-gnu-toolchain/bin/../lib/gcc/avr/5.4.0/../../../../avr/lib/avr5\libm.a
LOAD c:/program files (x86)/atmel/studio/7.0/toolchain/avr8/avr8-gnu-toolchain/bin/../lib/gcc/avr/5.4.0/../../../../avr/lib/avr5\libc.a
LOAD C:/Program Files (x86)/Atmel/Studio/7.0/Packs/atmel/ATmega_DFP/1.7.374/gcc/dev/atmega32u4/avr5\libatmega32u4.a
END GROUP
                0x00000000                __TEXT_REGION_ORIGIN__ = DEFINED (__TEXT_REGION_ORIGIN__)?__TEXT_REGION_ORIGIN__:0x0
                [0x00800100]                __DATA_REGION_ORIGIN__ = DEFINED (__DATA_REGION_ORIGIN__)?__DATA_REGION_ORIGIN__:0x800060
                [0x00008000]                __TEXT_REGION_LENGTH__ = DEFINED (__TEXT_REGION_LENGTH__)?__TEXT_REGION_LENGTH__:0x20000
                [0x00000a00]                __DATA_REGION_LENGTH__ = DEFINED (__DATA_REGION_LENGTH__)?__DATA_REGION_LENGTH__:0xffa0
                [0x00000400]                __EEPROM_REGION_LENGTH__ = DEFINED (__EEPROM_REGION_LENGTH__)?__EEPROM_REGION_LENGTH__:0x10000
                [0x00000003]                __FUSE_REGION_LENGTH__ = DEFINED (__FUSE_REGION_LENGTH__)?__FUSE_REGION_LENGTH__:0x400
                0x00000400                __LOCK_REGION_LENGTH__ = DEFINED (__LOCK_REGION_LENGTH__)?__LOCK_REGION_LENGTH__:0x400
                0x00000400                __SIGNATURE_REGION_LENGTH__ = DEFINED (__SIGNATURE_REGION_LENGTH__)?__SIGNATURE_REGION_LENGTH__:0x400
                0x00000400                __USER_SIGNATURE_REGION_LENGTH__ = DEFINED (__USER_SIGNATURE_REGION_LENGTH__)?__USER_SIGNATURE_REGION_LENGTH__:0x400

.hash
 *(.hash)

.dynsym
 *(.dynsym)

.dynstr
 *(.dynstr)

.gnu.version
 *(.gnu.version)

.gnu.version_d
 *(.gnu.version_d)

.gnu.version_r
 *(.gnu.version_r)

.rel.init
 *(.rel.init)

.rela.init
 *(.rela.init)

.rel.text
 *(.rel.text)
 *(.rel.text.*)
 *(.rel.gnu.linkonce.t*)

.rela.text
 *(.rela.text)
 *(.rela.text.*)
 *(.rela.gnu.linkonce.t*)

.rel.fini
 *(.rel.fini)

.rela.fini
 *(.rela.fini)

.rel.rodata
 *(.rel.rodata)
 *(.rel.rodata.*)
 *(.rel.gnu.linkonce.r*)

.rela.rodata
 *(.rela.rodata)
 *(.rela.rodata.*)
 *(.rela.gnu.linkonce.r*)

.rel.data
 *(.rel.data)
 *(.rel.data.*)
 *(.rel.gnu.linkonce.d*)

.rela.data
 *(.rela.data)
 *(.rela.data.*)
 *(.rela.gnu.linkonce.d*)

.rel.ctors
 *(.rel.ctors)

.rela.ctors
 *(.rela.ctors)

.rel.dtors
 *(.rel.dtors)

.rela.dtors
 *(.rela.dtors)

.rel.got
 *(.rel.got)

.rela.got
 *(.rela.got)

.rel.bss
 *(.rel.bss)

.rela.bss
 *(.rela.bss)

.rel.plt
 *(.rel.plt)

.rela.plt
 *(.rela.plt)

.text           0x00000000     0x3d08
 *(.vectors)
 .vectors       0x00000000       0xac C:/Program Files (x86)/Atmel/Studio/7.0/Packs/atmel/ATmega_DFP/1.7.374/gcc/dev/atmega32u4/avr5/crtatmega32u4.o
                0x00000000                __vector_default
                0x00000000                __vectors
 *(.vectors)
 *(.progmem.gcc*)
 .progmem.gcc_sw_table.__vector_3
                0x000000ac       0x1c src/encoder.o
 .progmem.gcc_sw_table.__vector_4
                0x000000c8       0x1c src/encoder.o
 .progmem.gcc_sw_table.__vector_7
                0x000000e4       0x1c src/encoder.o
 .progmem.gcc_sw_table.__vector_9
                0x00000100       0x1c src/encoder.o
                0x0000011c                . = ALIGN (0x2)
                0x0000011c                __trampolines_start = .
 *(.trampolines)
 .trampolines   0x0000011c        0x0 linker stubs
 *(.trampolines*)
                0x0000011c                __trampolines_end = .
 *libprintf_flt.a:*(.progmem.data)
 .progmem.data  0x0000011c        0x8 c:/program files (x86)/atmel/studio/7.0/toolchain/avr8/avr8-gnu-toolchain/bin/../lib/gcc/avr/5.4.0/../../../../avr/lib/avr5\libprintf_flt.a(vfprintf_flt.o)
 *libc.a:*(.progmem.data)
 .progmem.data  0x00000124       0xfa c:/program files (x86)/atmel/studio/7.0/toolchain/avr8/avr8-gnu-toolchain/bin/../lib/gcc/avr/5.4.0/../../../../avr/lib/avr5\libc.a(ftoa_engine.o)
 *(.progmem*)
 .progmem.data.__c.2532
                0x0000021e        0xd main.o
 .progmem.data.descriptor_list
                0x0000022b       0x2a src/m_usb.o
 .progmem.data.string3
                0x00000255        0xa src/m_usb.o
 .progmem.data.string2
                0x0000025f        0x8 src/m_usb.o
 .progmem.data.string1
                0x00000267       0x14 src/m_usb.o
 .progmem.data.string0
                0x0000027b        0x4 src/m_usb.o
 .progmem.data.config1_descriptor
                0x0000027f       0x43 src/m_usb.o
 .progmem.data.device_descriptor
                0x000002c2       0x12 src/m_usb.o
 .progmem.data.endpoint_config_table
                0x000002d4        0xa src/m_usb.o
 .progmem.data  0x000002de       0x4d c:/program files (x86)/atmel/studio/7.0/toolchain/avr8/avr8-gnu-toolchain/bin/../lib/gcc/avr/5.4.0/../../../../avr/lib/avr5\libscanf_flt.a(vfscanf_flt.o)
                0x0000032c                . = ALIGN (0x2)
 *fill*         0x0000032b        0x1 
 *(.jumptables)
 *(.jumptables*)
 *(.lowtext)
 *(.lowtext*)
                0x0000032c                __ctors_start = .
 *(.ctors)
                0x0000032c                __ctors_end = .
                0x0000032c                __dtors_start = .
 *(.dtors)
                0x0000032c                __dtors_end = .
 SORT(*)(.ctors)
 SORT(*)(.dtors)
 *(.init0)
 .init0         0x0000032c        0x0 C:/Program Files (x86)/Atmel/Studio/7.0/Packs/atmel/ATmega_DFP/1.7.374/gcc/dev/atmega32u4/avr5/crtatmega32u4.o
                0x0000032c                __init
 *(.init0)
 *(.init1)
 *(.init1)
 *(.init2)
 .init2         0x0000032c        0xc C:/Program Files (x86)/Atmel/Studio/7.0/Packs/atmel/ATmega_DFP/1.7.374/gcc/dev/atmega32u4/avr5/crtatmega32u4.o
 *(.init2)
 *(.init3)
 *(.init3)
 *(.init4)
 .init4         0x00000338       0x16 c:/program files (x86)/atmel/studio/7.0/toolchain/avr8/avr8-gnu-toolchain/bin/../lib/gcc/avr/5.4.0/avr5\libgcc.a(_copy_data.o)
                0x00000338                __do_copy_data
 .init4         0x0000034e       0x10 c:/program files (x86)/atmel/studio/7.0/toolchain/avr8/avr8-gnu-toolchain/bin/../lib/gcc/avr/5.4.0/avr5\libgcc.a(_clear_bss.o)
                0x0000034e                __do_clear_bss
 *(.init4)
 *(.init5)
 *(.init5)
 *(.init6)
 *(.init6)
 *(.init7)
 *(.init7)
 *(.init8)
 *(.init8)
 *(.init9)
 .init9         0x0000035e        0x8 C:/Program Files (x86)/Atmel/Studio/7.0/Packs/atmel/ATmega_DFP/1.7.374/gcc/dev/atmega32u4/avr5/crtatmega32u4.o
 *(.init9)
 *(.text)
 .text          0x00000366        0x4 C:/Program Files (x86)/Atmel/Studio/7.0/Packs/atmel/ATmega_DFP/1.7.374/gcc/dev/atmega32u4/avr5/crtatmega32u4.o
                0x00000366                __vector_22
                0x00000366                __vector_28
                0x00000366                __vector_1
                0x00000366                __vector_34
                0x00000366                __vector_24
                0x00000366                __vector_12
                0x00000366                __bad_interrupt
                0x00000366                __vector_6
                0x00000366                __vector_31
                0x00000366                __vector_35
                0x00000366                __vector_39
                0x00000366                __vector_30
                0x00000366                __vector_25
                0x00000366                __vector_13
                0x00000366                __vector_19
                0x00000366                __vector_41
                0x00000366                __vector_27
                0x00000366                __vector_5
                0x00000366                __vector_33
                0x00000366                __vector_37
                0x00000366                __vector_2
                0x00000366                __vector_21
                0x00000366                __vector_15
                0x00000366                __vector_36
                0x00000366                __vector_29
                0x00000366                __vector_40
                0x00000366                __vector_8
                0x00000366                __vector_26
                0x00000366                __vector_14
                0x00000366                __vector_16
                0x00000366                __vector_18
                0x00000366                __vector_20
                0x00000366                __vector_42
                0x0000036a                . = ALIGN (0x2)
 *(.text.*)
 .text.timer4_init
                0x0000036a       0x32 main.o
 .text.parse_jetson_auto
                0x0000039c       0x64 main.o
 .text.receive_from_jetson
                0x00000400      0x12c main.o
 .text.usb_send_ram
                0x0000052c       0x1a main.o
 .text.send_telemetry
                0x00000546      0x220 main.o
 .text.main     0x00000766       0xba main.o
                0x00000766                main
 .text.__vector_38
                0x00000820       0x26 main.o
                0x00000820                __vector_38
 .text.analog_init
                0x00000846       0x26 src/analog.o
                0x00000846                analog_init
 .text.analog_read_raw
                0x0000086c       0x84 src/analog.o
                0x0000086c                analog_read_raw
 .text.analog_get_battery_1_mV
                0x000008f0       0x20 src/analog.o
                0x000008f0                analog_get_battery_1_mV
 .text.analog_get_battery_2_mV
                0x00000910       0x20 src/analog.o
                0x00000910                analog_get_battery_2_mV
 .text.analog_get_cliff_left
                0x00000930        0x8 src/analog.o
                0x00000930                analog_get_cliff_left
 .text.analog_get_cliff_front
                0x00000938        0x8 src/analog.o
                0x00000938                analog_get_cliff_front
 .text.analog_get_cliff_right
                0x00000940        0x8 src/analog.o
                0x00000940                analog_get_cliff_right
 .text.__vector_3
                0x00000948       0xcc src/encoder.o
                0x00000948                __vector_3
 .text.__vector_4
                0x00000a14       0xcc src/encoder.o
                0x00000a14                __vector_4
 .text.__vector_7
                0x00000ae0       0xcc src/encoder.o
                0x00000ae0                __vector_7
 .text.__vector_9
                0x00000bac       0xd6 src/encoder.o
                0x00000bac                __vector_9
 .text.encoder_get_left
                0x00000c82       0x16 src/encoder.o
                0x00000c82                encoder_get_left
 .text.encoder_get_right
                0x00000c98       0x16 src/encoder.o
                0x00000c98                encoder_get_right
 .text.encoder_emergency_hit
                0x00000cae        0xa src/encoder.o
                0x00000cae                encoder_emergency_hit
 .text.encoder_odometry_reset
                0x00000cb8       0xd6 src/encoder.o
                0x00000cb8                encoder_odometry_reset
 .text.encoder_init
                0x00000d8e       0xe4 src/encoder.o
                0x00000d8e                encoder_init
 .text.encoder_odometry_update
                0x00000e72      0x26e src/encoder.o
                0x00000e72                encoder_odometry_update
 .text.encoder_robot_speed_mm_s
                0x000010e0       0x3e src/encoder.o
                0x000010e0                encoder_robot_speed_mm_s
 .text.encoder_robot_omega_dps
                0x0000111e       0x3e src/encoder.o
                0x0000111e                encoder_robot_omega_dps
 .text.encoder_loop_time_us
                0x0000115c       0x12 src/encoder.o
                0x0000115c                encoder_loop_time_us
 .text.twi_start
                0x0000116e       0x50 src/bno055_ll.o
 .text.twi_stop
                0x000011be        0x8 src/bno055_ll.o
 .text.twi_init
                0x000011c6       0x18 src/bno055_ll.o
                0x000011c6                twi_init
 .text.twi_write
                0x000011de       0x60 src/bno055_ll.o
                0x000011de                twi_write
 .text.twi_read
                0x0000123e       0x92 src/bno055_ll.o
                0x0000123e                twi_read
 .text.bno055_write8
                0x000012d0       0x26 src/bno055_ll.o
                0x000012d0                bno055_write8
 .text.bno055_set_mode
                0x000012f6        0xa src/bno055_ll.o
 .text.bno055_read8
                0x00001300       0x3a src/bno055_ll.o
                0x00001300                bno055_read8
 .text.bno055_read
                0x0000133a       0x40 src/bno055_ll.o
                0x0000133a                bno055_read
 .text.bno055_init
                0x0000137a       0x84 src/bno055_ll.o
                0x0000137a                bno055_init
 .text.bno055_get_euler
                0x000013fe       0x86 src/bno055_ll.o
                0x000013fe                bno055_get_euler
 .text.__vector_32
                0x00001484       0x4a src/motors.o
                0x00001484                __vector_32
 .text.__vector_17
                0x000014ce       0x4a src/motors.o
                0x000014ce                __vector_17
 .text.motors_enable_left
                0x00001518       0x14 src/motors.o
                0x00001518                motors_enable_left
 .text.motors_enable_right
                0x0000152c       0x14 src/motors.o
                0x0000152c                motors_enable_right
 .text.motors_enable_all
                0x00001540       0x12 src/motors.o
                0x00001540                motors_enable_all
 .text.motors_init
                0x00001552       0x78 src/motors.o
                0x00001552                motors_init
 .text.motors_set_dir_left
                0x000015ca       0x14 src/motors.o
                0x000015ca                motors_set_dir_left
 .text.motors_set_dir_right
                0x000015de       0x14 src/motors.o
                0x000015de                motors_set_dir_right
 .text.motors_set_speed_left
                0x000015f2       0x76 src/motors.o
                0x000015f2                motors_set_speed_left
 .text.motors_set_speed_right
                0x00001668       0x64 src/motors.o
                0x00001668                motors_set_speed_right
 .text.motors_set_speed_both
                0x000016cc       0x16 src/motors.o
                0x000016cc                motors_set_speed_both
 .text.motors_update
                0x000016e2      0x1b0 src/motors.o
                0x000016e2                motors_update
 .text.motors_stop_all
                0x00001892       0x1c src/motors.o
                0x00001892                motors_stop_all
 .text.m_usb_init
                0x000018ae       0x32 src/m_usb.o
                0x000018ae                m_usb_init
 .text.m_usb_rx_char
                0x000018e0       0x3c src/m_usb.o
                0x000018e0                m_usb_rx_char
 .text.m_usb_rx_available
                0x0000191c       0x1e src/m_usb.o
                0x0000191c                m_usb_rx_available
 .text.m_usb_tx_char
                0x0000193a       0x88 src/m_usb.o
                0x0000193a                m_usb_tx_char
 .text.m_usb_tx_push
                0x000019c2       0x20 src/m_usb.o
                0x000019c2                m_usb_tx_push
 .text.__vector_10
                0x000019e2       0x7c src/m_usb.o
                0x000019e2                __vector_10
 .text.__vector_11
                0x00001a5e      0x2e2 src/m_usb.o
                0x00001a5e                __vector_11
 .text.print_P  0x00001d40       0x30 src/m_usb.o
                0x00001d40                print_P
 .text.profile_braking_distance
                0x00001d70       0x6a src/profiler.o
 .text.profile_reset
                0x00001dda       0x22 src/profiler.o
                0x00001dda                profile_reset
 .text.profile_start
                0x00001dfc      0x172 src/profiler.o
                0x00001dfc                profile_start
 .text.profile_update
                0x00001f6e      0x252 src/profiler.o
                0x00001f6e                profile_update
 .text.motion_reset_drive_system
                0x000021c0       0x20 src/profiler.o
                0x000021c0                motion_reset_drive_system
 .text.motion_velocity
                0x000021e0       0x12 src/profiler.o
                0x000021e0                motion_velocity
 .text.motion_omega
                0x000021f2       0x12 src/profiler.o
                0x000021f2                motion_omega
 .text.motion_move_finished
                0x00002204        0xe src/profiler.o
                0x00002204                motion_move_finished
 .text.motion_turn_finished
                0x00002212        0xe src/profiler.o
                0x00002212                motion_turn_finished
 .text.motion_start_move
                0x00002220       0x42 src/profiler.o
                0x00002220                motion_start_move
 .text.motion_start_turn
                0x00002262       0x42 src/profiler.o
                0x00002262                motion_start_turn
 .text.motion_update
                0x000022a4       0x12 src/profiler.o
                0x000022a4                motion_update
 .text.systime_init
                0x000022b6       0x12 src/systime.o
                0x000022b6                systime_init
 .text.__vector_23
                0x000022c8       0x7e src/systime.o
                0x000022c8                __vector_23
 .text.micros64
                0x00002346       0x4a src/systime.o
                0x00002346                micros64
 .text.avr-libc.fplib
                0x00002390        0xe c:/program files (x86)/atmel/studio/7.0/toolchain/avr8/avr8-gnu-toolchain/bin/../lib/gcc/avr/5.4.0/../../../../avr/lib/avr5\libm.a(addsf3.o)
                0x00002390                __subsf3
                0x00002392                __addsf3
 .text.avr-libc.fplib
                0x0000239e       0xcc c:/program files (x86)/atmel/studio/7.0/toolchain/avr8/avr8-gnu-toolchain/bin/../lib/gcc/avr/5.4.0/../../../../avr/lib/avr5\libm.a(addsf3x.o)
                0x000023c0                __addsf3x
 .text.avr-libc.fplib
                0x0000246a        0xa c:/program files (x86)/atmel/studio/7.0/toolchain/avr8/avr8-gnu-toolchain/bin/../lib/gcc/avr/5.4.0/../../../../avr/lib/avr5\libm.a(cmpsf2.o)
                0x0000246a                __nesf2
                0x0000246a                __eqsf2
                0x0000246a                __cmpsf2
                0x0000246a                __ltsf2
                0x0000246a                __lesf2
 .text.avr-libc.fplib
                0x00002474        0x8 c:/program files (x86)/atmel/studio/7.0/toolchain/avr8/avr8-gnu-toolchain/bin/../lib/gcc/avr/5.4.0/../../../../avr/lib/avr5\libm.a(divsf3.o)
                0x00002474                __divsf3
 .text.avr-libc.fplib
                0x0000247c       0xdc c:/program files (x86)/atmel/studio/7.0/toolchain/avr8/avr8-gnu-toolchain/bin/../lib/gcc/avr/5.4.0/../../../../avr/lib/avr5\libm.a(divsf3x.o)
                0x0000249c                __divsf3x
                0x000024a2                __divsf3_pse
 .text.avr-libc.fplib
                0x00002558       0x5e c:/program files (x86)/atmel/studio/7.0/toolchain/avr8/avr8-gnu-toolchain/bin/../lib/gcc/avr/5.4.0/../../../../avr/lib/avr5\libm.a(fixunssfsi.o)
                0x00002558                __fixunssfsi
 .text.avr-libc.fplib
                0x000025b6       0x7a c:/program files (x86)/atmel/studio/7.0/toolchain/avr8/avr8-gnu-toolchain/bin/../lib/gcc/avr/5.4.0/../../../../avr/lib/avr5\libm.a(floatsisf.o)
                0x000025b6                __floatunsisf
                0x000025ba                __floatsisf
 .text.avr-libc.fplib
                0x00002630       0x48 c:/program files (x86)/atmel/studio/7.0/toolchain/avr8/avr8-gnu-toolchain/bin/../lib/gcc/avr/5.4.0/../../../../avr/lib/avr5\libm.a(fp_cmp.o)
                0x00002630                __fp_cmp
 .text.avr-libc.fplib
                0x00002678        0xc c:/program files (x86)/atmel/studio/7.0/toolchain/avr8/avr8-gnu-toolchain/bin/../lib/gcc/avr/5.4.0/../../../../avr/lib/avr5\libm.a(fp_inf.o)
                0x00002678                __fp_inf
 .text.avr-libc.fplib
                0x00002684        0x6 c:/program files (x86)/atmel/studio/7.0/toolchain/avr8/avr8-gnu-toolchain/bin/../lib/gcc/avr/5.4.0/../../../../avr/lib/avr5\libm.a(fp_nan.o)
                0x00002684                __fp_nan
 .text.avr-libc.fplib
                0x0000268a        0xe c:/program files (x86)/atmel/studio/7.0/toolchain/avr8/avr8-gnu-toolchain/bin/../lib/gcc/avr/5.4.0/../../../../avr/lib/avr5\libm.a(fp_pscA.o)
                0x0000268a                __fp_pscA
 .text.avr-libc.fplib
                0x00002698        0xe c:/program files (x86)/atmel/studio/7.0/toolchain/avr8/avr8-gnu-toolchain/bin/../lib/gcc/avr/5.4.0/../../../../avr/lib/avr5\libm.a(fp_pscB.o)
                0x00002698                __fp_pscB
 .text.avr-libc.fplib
                0x000026a6       0x22 c:/program files (x86)/atmel/studio/7.0/toolchain/avr8/avr8-gnu-toolchain/bin/../lib/gcc/avr/5.4.0/../../../../avr/lib/avr5\libm.a(fp_round.o)
                0x000026a6                __fp_round
 .text.avr-libc.fplib
                0x000026c8       0x44 c:/program files (x86)/atmel/studio/7.0/toolchain/avr8/avr8-gnu-toolchain/bin/../lib/gcc/avr/5.4.0/../../../../avr/lib/avr5\libm.a(fp_split3.o)
                0x000026c8                __fp_split3
                0x000026d8                __fp_splitA
 .text.avr-libc.fplib
                0x0000270c        0xe c:/program files (x86)/atmel/studio/7.0/toolchain/avr8/avr8-gnu-toolchain/bin/../lib/gcc/avr/5.4.0/../../../../avr/lib/avr5\libm.a(fp_zero.o)
                0x0000270c                __fp_zero
                0x0000270e                __fp_szero
 .text.avr-libc.fplib
                0x0000271a        0xa c:/program files (x86)/atmel/studio/7.0/toolchain/avr8/avr8-gnu-toolchain/bin/../lib/gcc/avr/5.4.0/../../../../avr/lib/avr5\libm.a(gesf2.o)
                0x0000271a                __gesf2
                0x0000271a                __gtsf2
 .text.avr-libc.fplib
                0x00002724        0x8 c:/program files (x86)/atmel/studio/7.0/toolchain/avr8/avr8-gnu-toolchain/bin/../lib/gcc/avr/5.4.0/../../../../avr/lib/avr5\libm.a(mulsf3.o)
                0x00002724                __mulsf3
 .text.avr-libc.fplib
                0x0000272c       0xd2 c:/program files (x86)/atmel/studio/7.0/toolchain/avr8/avr8-gnu-toolchain/bin/../lib/gcc/avr/5.4.0/../../../../avr/lib/avr5\libm.a(mulsf3x.o)
                0x0000274a                __mulsf3x
                0x00002750                __mulsf3_pse
 .text.avr-libc
                0x000027fe      0x6fa c:/program files (x86)/atmel/studio/7.0/toolchain/avr8/avr8-gnu-toolchain/bin/../lib/gcc/avr/5.4.0/../../../../avr/lib/avr5\libprintf_flt.a(vfprintf_flt.o)
                0x000027fe                vfprintf
 .text.avr-libc
                0x00002ef8      0x81c c:/program files (x86)/atmel/studio/7.0/toolchain/avr8/avr8-gnu-toolchain/bin/../lib/gcc/avr/5.4.0/../../../../avr/lib/avr5\libscanf_flt.a(vfscanf_flt.o)
                0x000034b0                vfscanf
 .text.libgcc.div
                0x00003714       0x44 c:/program files (x86)/atmel/studio/7.0/toolchain/avr8/avr8-gnu-toolchain/bin/../lib/gcc/avr/5.4.0/avr5\libgcc.a(_udivmodsi4.o)
                0x00003714                __udivmodsi4
 .text.libgcc   0x00003758        0xc c:/program files (x86)/atmel/studio/7.0/toolchain/avr8/avr8-gnu-toolchain/bin/../lib/gcc/avr/5.4.0/avr5\libgcc.a(_tablejump2.o)
                0x00003758                __tablejump2__
 .text.libgcc.mul
                0x00003764       0x1e c:/program files (x86)/atmel/studio/7.0/toolchain/avr8/avr8-gnu-toolchain/bin/../lib/gcc/avr/5.4.0/avr5\libgcc.a(_umulhisi3.o)
                0x00003764                __umulhisi3
 .text.libgcc.prologue
                0x00003782       0x38 c:/program files (x86)/atmel/studio/7.0/toolchain/avr8/avr8-gnu-toolchain/bin/../lib/gcc/avr/5.4.0/avr5\libgcc.a(_prologue.o)
                0x00003782                __prologue_saves__
 .text.libgcc.prologue
                0x000037ba       0x36 c:/program files (x86)/atmel/studio/7.0/toolchain/avr8/avr8-gnu-toolchain/bin/../lib/gcc/avr/5.4.0/avr5\libgcc.a(_epilogue.o)
                0x000037ba                __epilogue_restores__
 .text.libgcc.builtins
                0x000037f0       0x32 c:/program files (x86)/atmel/studio/7.0/toolchain/avr8/avr8-gnu-toolchain/bin/../lib/gcc/avr/5.4.0/avr5\libgcc.a(_ashldi3.o)
                0x000037f0                __ashldi3
 .text.libgcc.builtins
                0x00003822       0x3c c:/program files (x86)/atmel/studio/7.0/toolchain/avr8/avr8-gnu-toolchain/bin/../lib/gcc/avr/5.4.0/avr5\libgcc.a(_ashrdi3.o)
                0x00003822                __ashrdi3
                0x00003826                __lshrdi3
 .text.libgcc   0x0000385e       0x18 c:/program files (x86)/atmel/studio/7.0/toolchain/avr8/avr8-gnu-toolchain/bin/../lib/gcc/avr/5.4.0/avr5\libgcc.a(_adddi3_s8.o)
                0x0000385e                __adddi3_s8
 .text.avr-libc
                0x00003876      0x1b0 c:/program files (x86)/atmel/studio/7.0/toolchain/avr8/avr8-gnu-toolchain/bin/../lib/gcc/avr/5.4.0/../../../../avr/lib/avr5\libc.a(ftoa_engine.o)
                0x00003876                __ftoa_engine
 .text.avr-libc
                0x00003a26       0x12 c:/program files (x86)/atmel/studio/7.0/toolchain/avr8/avr8-gnu-toolchain/bin/../lib/gcc/avr/5.4.0/../../../../avr/lib/avr5\libc.a(isspace.o)
                0x00003a26                isspace
 .text.avr-libc
                0x00003a38       0x10 c:/program files (x86)/atmel/studio/7.0/toolchain/avr8/avr8-gnu-toolchain/bin/../lib/gcc/avr/5.4.0/../../../../avr/lib/avr5\libc.a(tolower.o)
                0x00003a38                tolower
 .text.avr-libc
                0x00003a48       0x16 c:/program files (x86)/atmel/studio/7.0/toolchain/avr8/avr8-gnu-toolchain/bin/../lib/gcc/avr/5.4.0/../../../../avr/lib/avr5\libc.a(strchr_P.o)
                0x00003a48                strchr_P
 .text.avr-libc
                0x00003a5e       0x16 c:/program files (x86)/atmel/studio/7.0/toolchain/avr8/avr8-gnu-toolchain/bin/../lib/gcc/avr/5.4.0/../../../../avr/lib/avr5\libc.a(strnlen_P.o)
                0x00003a5e                strnlen_P
 .text.avr-libc
                0x00003a74       0x16 c:/program files (x86)/atmel/studio/7.0/toolchain/avr8/avr8-gnu-toolchain/bin/../lib/gcc/avr/5.4.0/../../../../avr/lib/avr5\libc.a(strnlen.o)
                0x00003a74                strnlen
 .text.avr-libc
                0x00003a8a       0x7c c:/program files (x86)/atmel/studio/7.0/toolchain/avr8/avr8-gnu-toolchain/bin/../lib/gcc/avr/5.4.0/../../../../avr/lib/avr5\libc.a(fgetc.o)
                0x00003a8a                fgetc
 .text.avr-libc
                0x00003b06       0x78 c:/program files (x86)/atmel/studio/7.0/toolchain/avr8/avr8-gnu-toolchain/bin/../lib/gcc/avr/5.4.0/../../../../avr/lib/avr5\libc.a(fputc.o)
                0x00003b06                fputc
 .text.avr-libc
                0x00003b7e       0x60 c:/program files (x86)/atmel/studio/7.0/toolchain/avr8/avr8-gnu-toolchain/bin/../lib/gcc/avr/5.4.0/../../../../avr/lib/avr5\libc.a(snprintf.o)
                0x00003b7e                snprintf
 .text.avr-libc
                0x00003bde       0x32 c:/program files (x86)/atmel/studio/7.0/toolchain/avr8/avr8-gnu-toolchain/bin/../lib/gcc/avr/5.4.0/../../../../avr/lib/avr5\libc.a(sscanf.o)
                0x00003bde                sscanf
 .text.avr-libc
                0x00003c10       0x32 c:/program files (x86)/atmel/studio/7.0/toolchain/avr8/avr8-gnu-toolchain/bin/../lib/gcc/avr/5.4.0/../../../../avr/lib/avr5\libc.a(ungetc.o)
                0x00003c10                ungetc
 .text.avr-libc
                0x00003c42       0xbc c:/program files (x86)/atmel/studio/7.0/toolchain/avr8/avr8-gnu-toolchain/bin/../lib/gcc/avr/5.4.0/../../../../avr/lib/avr5\libc.a(ultoa_invert.o)
                0x00003c42                __ultoa_invert
 .text.avr-libc
                0x00003cfe        0x6 c:/program files (x86)/atmel/studio/7.0/toolchain/avr8/avr8-gnu-toolchain/bin/../lib/gcc/avr/5.4.0/../../../../avr/lib/avr5\libc.a(cty_isfalse.o)
                0x00003cfe                __ctype_isfalse
                0x00003d02                __ctype_istrue
                0x00003d04                . = ALIGN (0x2)
 *(.fini9)
 .fini9         0x00003d04        0x0 c:/program files (x86)/atmel/studio/7.0/toolchain/avr8/avr8-gnu-toolchain/bin/../lib/gcc/avr/5.4.0/avr5\libgcc.a(_exit.o)
                0x00003d04                _exit
                0x00003d04                exit
 *(.fini9)
 *(.fini8)
 *(.fini8)
 *(.fini7)
 *(.fini7)
 *(.fini6)
 *(.fini6)
 *(.fini5)
 *(.fini5)
 *(.fini4)
 *(.fini4)
 *(.fini3)
 *(.fini3)
 *(.fini2)
 *(.fini2)
 *(.fini1)
 *(.fini1)
 *(.fini0)
 .fini0         0x00003d04        0x4 c:/program files (x86)/atmel/studio/7.0/toolchain/avr8/avr8-gnu-toolchain/bin/../lib/gcc/avr/5.4.0/avr5\libgcc.a(_exit.o)
 *(.fini0)
                0x00003d08                _etext = .

.data           0x00800100       0x5a load address 0x00003d08
                0x00800100                PROVIDE (__data_start, .)
 *(.data)
 *(.data*)
 .data.profile_done
                0x00800100        0x1 main.o
                0x00800100                profile_done
 .data.loop_dt_us
                0x00800101        0x4 src/encoder.o
 .data.cdc_line_coding
                0x00800105        0x7 src/m_usb.o
 *(.gnu.linkonce.d*)
 *(.rodata)
 *(.rodata*)
 .rodata.str1.1
                0x0080010c       0x4d main.o
 *(.gnu.linkonce.r*)
                0x0080015a                . = ALIGN (0x2)
 *fill*         0x00800159        0x1 
                0x0080015a                _edata = .
                0x0080015a                PROVIDE (__data_end, .)

.bss            0x0080015a       0xe0
                0x0080015a                PROVIDE (__bss_start, .)
 *(.bss)
 *(.bss*)
 .bss.emerg     0x0080015a        0x1 main.o
                0x0080015a                emerg
 .bss.loop_execute
                0x0080015b        0x1 main.o
 .bss.rx_ang_acc
                0x0080015c        0x4 main.o
 .bss.rx_lin_acc
                0x00800160        0x4 main.o
 .bss.rx_last_omega
                0x00800164        0x2 main.o
 .bss.rx_last_vel
                0x00800166        0x2 main.o
 .bss.rx_max_omega
                0x00800168        0x2 main.o
 .bss.rx_max_vel
                0x0080016a        0x2 main.o
 .bss.rx_angle  0x0080016c        0x4 main.o
 .bss.rx_distance
                0x00800170        0x4 main.o
 .bss.rx_index  0x00800174        0x1 main.o
 .bss.rx_buf    0x00800175       0x40 main.o
 .bss.emg_flag  0x008001b5        0x1 src/encoder.o
 .bss.prev_ts_us
                0x008001b6        0x8 src/encoder.o
 .bss.robot_angle_deg
                0x008001be        0x4 src/encoder.o
 .bss.robot_distance_mm
                0x008001c2        0x4 src/encoder.o
 .bss.rot_change_deg
                0x008001c6        0x4 src/encoder.o
 .bss.fwd_change_mm
                0x008001ca        0x4 src/encoder.o
 .bss.right_delta
                0x008001ce        0x4 src/encoder.o
 .bss.left_delta
                0x008001d2        0x4 src/encoder.o
 .bss.prev_right_cnt
                0x008001d6        0x4 src/encoder.o
 .bss.prev_left_cnt
                0x008001da        0x4 src/encoder.o
 .bss.right_last_state
                0x008001de        0x1 src/encoder.o
 .bss.left_last_state
                0x008001df        0x1 src/encoder.o
 .bss.right_cnt
                0x008001e0        0x4 src/encoder.o
 .bss.left_cnt  0x008001e4        0x4 src/encoder.o
 .bss.right_edge_cnt
                0x008001e8        0x4 src/motors.o
                0x008001e8                right_edge_cnt
 .bss.left_edge_cnt
                0x008001ec        0x4 src/motors.o
                0x008001ec                left_edge_cnt
 .bss.cdc_line_rtsdtr
                0x008001f0        0x1 src/m_usb.o
 .bss.transmit_previous_timeout
                0x008001f1        0x1 src/m_usb.o
 .bss.transmit_flush_timer
                0x008001f2        0x1 src/m_usb.o
 .bss.usb_configuration
                0x008001f3        0x1 src/m_usb.o
 .bss._ovf64    0x008001f4        0x8 src/systime.o
 *(COMMON)
 COMMON         0x008001fc       0x3e src/profiler.o
                0x008001fc                motionType
                0x0080023a                PROVIDE (__bss_end, .)
                0x00003d08                __data_load_start = LOADADDR (.data)
                0x00003d62                __data_load_end = (__data_load_start + SIZEOF (.data))

.noinit         0x0080023a        0x0
                [!provide]                PROVIDE (__noinit_start, .)
 *(.noinit*)
                [!provide]                PROVIDE (__noinit_end, .)
                0x0080023a                _end = .
                [!provide]                PROVIDE (__heap_start, .)

.eeprom         0x00810000        0x0
 *(.eeprom*)
                0x00810000                __eeprom_end = .

.fuse
 *(.fuse)
 *(.lfuse)
 *(.hfuse)
 *(.efuse)

.lock
 *(.lock*)

.signature
 *(.signature*)

.user_signatures
 *(.user_signatures*)

.stab
 *(.stab)

.stabstr
 *(.stabstr)

.stab.excl
 *(.stab.excl)

.stab.exclstr
 *(.stab.exclstr)

.stab.index
 *(.stab.index)

.stab.indexstr
 *(.stab.indexstr)

.comment        0x00000000       0x5c
 *(.comment)
 .comment       0x00000000       0x30 main.o
                                 0x31 (size before relaxing)
 .comment       0x00000030       0x31 src/analog.o
 .comment       0x00000030       0x31 src/encoder.o
 .comment       0x00000030       0x31 src/bno055_ll.o
 .comment       0x00000030       0x31 src/motors.o
 .comment       0x00000030       0x31 src/m_usb.o
 .comment       0x00000030       0x31 src/profiler.o
 .comment       0x00000030       0x31 src/systime.o
 .comment       0x00000030       0x2c c:/program files (x86)/atmel/studio/7.0/toolchain/avr8/avr8-gnu-toolchain/bin/../lib/gcc/avr/5.4.0/../../../../avr/lib/avr5\libprintf_flt.a(vfprintf_flt.o)
                                 0x2d (size before relaxing)
 .comment       0x0000005c       0x2d c:/program files (x86)/atmel/studio/7.0/toolchain/avr8/avr8-gnu-toolchain/bin/../lib/gcc/avr/5.4.0/../../../../avr/lib/avr5\libscanf_flt.a(vfscanf_flt.o)
 .comment       0x0000005c       0x31 c:/program files (x86)/atmel/studio/7.0/toolchain/avr8/avr8-gnu-toolchain/bin/../lib/gcc/avr/5.4.0/../../../../avr/lib/avr5\libc.a(fgetc.o)
 .comment       0x0000005c       0x31 c:/program files (x86)/atmel/studio/7.0/toolchain/avr8/avr8-gnu-toolchain/bin/../lib/gcc/avr/5.4.0/../../../../avr/lib/avr5\libc.a(fputc.o)
 .comment       0x0000005c       0x31 c:/program files (x86)/atmel/studio/7.0/toolchain/avr8/avr8-gnu-toolchain/bin/../lib/gcc/avr/5.4.0/../../../../avr/lib/avr5\libc.a(snprintf.o)
 .comment       0x0000005c       0x31 c:/program files (x86)/atmel/studio/7.0/toolchain/avr8/avr8-gnu-toolchain/bin/../lib/gcc/avr/5.4.0/../../../../avr/lib/avr5\libc.a(sscanf.o)
 .comment       0x0000005c       0x31 c:/program files (x86)/atmel/studio/7.0/toolchain/avr8/avr8-gnu-toolchain/bin/../lib/gcc/avr/5.4.0/../../../../avr/lib/avr5\libc.a(ungetc.o)

.note.gnu.avr.deviceinfo
                0x00000000       0x40
 .note.gnu.avr.deviceinfo
                0x00000000       0x40 C:/Program Files (x86)/Atmel/Studio/7.0/Packs/atmel/ATmega_DFP/1.7.374/gcc/dev/atmega32u4/avr5/crtatmega32u4.o

.note.gnu.build-id
 *(.note.gnu.build-id)

.debug
 *(.debug)

.line
 *(.line)

.debug_srcinfo
 *(.debug_srcinfo)

.debug_sfnames
 *(.debug_sfnames)

.debug_aranges  0x00000000      0x460
 *(.debug_aranges)
 .debug_aranges
                0x00000000       0x50 main.o
 .debug_aranges
                0x00000050       0x50 src/analog.o
 .debug_aranges
                0x000000a0       0xb8 src/encoder.o
 .debug_aranges
                0x00000158       0x90 src/bno055_ll.o
 .debug_aranges
                0x000001e8       0xa8 src/motors.o
 .debug_aranges
                0x00000290       0xe0 src/m_usb.o
 .debug_aranges
                0x00000370       0xc0 src/profiler.o
 .debug_aranges
                0x00000430       0x30 src/systime.o

.debug_pubnames
 *(.debug_pubnames)

.debug_info     0x00000000     0x44dc
 *(.debug_info .gnu.linkonce.wi.*)
 .debug_info    0x00000000      0x9f4 C:/Program Files (x86)/Atmel/Studio/7.0/Packs/atmel/ATmega_DFP/1.7.374/gcc/dev/atmega32u4/avr5/crtatmega32u4.o
 .debug_info    0x000009f4      0x8ca main.o
 .debug_info    0x000012be      0x29b src/analog.o
 .debug_info    0x00001559      0x7a6 src/encoder.o
 .debug_info    0x00001cff      0x955 src/bno055_ll.o
 .debug_info    0x00002654      0x5e4 src/motors.o
 .debug_info    0x00002c38      0xf66 src/m_usb.o
 .debug_info    0x00003b9e      0x82f src/profiler.o
 .debug_info    0x000043cd      0x10f src/systime.o

.debug_abbrev   0x00000000     0x18d0
 *(.debug_abbrev)
 .debug_abbrev  0x00000000      0x96a C:/Program Files (x86)/Atmel/Studio/7.0/Packs/atmel/ATmega_DFP/1.7.374/gcc/dev/atmega32u4/avr5/crtatmega32u4.o
 .debug_abbrev  0x0000096a      0x26f main.o
 .debug_abbrev  0x00000bd9      0x15c src/analog.o
 .debug_abbrev  0x00000d35      0x231 src/encoder.o
 .debug_abbrev  0x00000f66      0x1fc src/bno055_ll.o
 .debug_abbrev  0x00001162      0x1d3 src/motors.o
 .debug_abbrev  0x00001335      0x299 src/m_usb.o
 .debug_abbrev  0x000015ce      0x23a src/profiler.o
 .debug_abbrev  0x00001808       0xc8 src/systime.o

.debug_line     0x00000000     0x29e5
 *(.debug_line .debug_line.* .debug_line_end)
 .debug_line    0x00000000      0x19a C:/Program Files (x86)/Atmel/Studio/7.0/Packs/atmel/ATmega_DFP/1.7.374/gcc/dev/atmega32u4/avr5/crtatmega32u4.o
 .debug_line    0x0000019a      0x3a5 main.o
 .debug_line    0x0000053f      0x1c9 src/analog.o
 .debug_line    0x00000708      0x648 src/encoder.o
 .debug_line    0x00000d50      0x4d8 src/bno055_ll.o
 .debug_line    0x00001228      0x436 src/motors.o
 .debug_line    0x0000165e      0xda7 src/m_usb.o
 .debug_line    0x00002405      0x4b4 src/profiler.o
 .debug_line    0x000028b9      0x12c src/systime.o

.debug_frame    0x00000000      0xebc
 *(.debug_frame)
 .debug_frame   0x00000000      0x180 main.o
 .debug_frame   0x00000180       0x84 src/analog.o
 .debug_frame   0x00000204      0x2a0 src/encoder.o
 .debug_frame   0x000004a4      0x244 src/bno055_ll.o
 .debug_frame   0x000006e8      0x1c4 src/motors.o
 .debug_frame   0x000008ac      0x2c0 src/m_usb.o
 .debug_frame   0x00000b6c      0x2cc src/profiler.o
 .debug_frame   0x00000e38       0x84 src/systime.o

.debug_str      0x00000000     0x13cd
 *(.debug_str)
 .debug_str     0x00000000      0x371 C:/Program Files (x86)/Atmel/Studio/7.0/Packs/atmel/ATmega_DFP/1.7.374/gcc/dev/atmega32u4/avr5/crtatmega32u4.o
 .debug_str     0x00000371      0x4fa main.o
                                0x543 (size before relaxing)
 .debug_str     0x0000086b       0x40 src/analog.o
                                0x23b (size before relaxing)
 .debug_str     0x000008ab      0x248 src/encoder.o
                                0x45e (size before relaxing)
 .debug_str     0x00000af3       0xfd src/bno055_ll.o
                                0x2f4 (size before relaxing)
 .debug_str     0x00000bf0      0x1d5 src/motors.o
                                0x392 (size before relaxing)
 .debug_str     0x00000dc5      0x3a0 src/m_usb.o
                                0x5aa (size before relaxing)
 .debug_str     0x00001165      0x237 src/profiler.o
                                0x537 (size before relaxing)
 .debug_str     0x0000139c       0x31 src/systime.o
                                0x1b1 (size before relaxing)

.debug_loc      0x00000000     0x448b
 *(.debug_loc)
 .debug_loc     0x00000000      0x7be main.o
 .debug_loc     0x000007be       0xfc src/analog.o
 .debug_loc     0x000008ba      0x815 src/encoder.o
 .debug_loc     0x000010cf      0xbd9 src/bno055_ll.o
 .debug_loc     0x00001ca8      0x528 src/motors.o
 .debug_loc     0x000021d0     0x17ff src/m_usb.o
 .debug_loc     0x000039cf      0x9a2 src/profiler.o
 .debug_loc     0x00004371      0x11a src/systime.o

.debug_macinfo
 *(.debug_macinfo)

.debug_weaknames
 *(.debug_weaknames)

.debug_funcnames
 *(.debug_funcnames)

.debug_typenames
 *(.debug_typenames)

.debug_varnames
 *(.debug_varnames)

.debug_pubtypes
 *(.debug_pubtypes)

.debug_ranges   0x00000000      0x4a8
 *(.debug_ranges)
 .debug_ranges  0x00000000       0x40 main.o
 .debug_ranges  0x00000040       0x78 src/analog.o
 .debug_ranges  0x000000b8       0xa8 src/encoder.o
 .debug_ranges  0x00000160       0xc8 src/bno055_ll.o
 .debug_ranges  0x00000228       0x98 src/motors.o
 .debug_ranges  0x000002c0      0x118 src/m_usb.o
 .debug_ranges  0x000003d8       0xb0 src/profiler.o
 .debug_ranges  0x00000488       0x20 src/systime.o

.debug_macro
 *(.debug_macro)
OUTPUT(avr_controller.elf elf32-avr)
LOAD linker stubs
